12:03:47 START arm=A prompt=SBI_PROMPT.txt n=12 conc=2 prompt_sha=d26e649e3f35 schema=GEMINI_SCHEMA(26 leaves)
12:03:55 OK                     1120623464   txn=1 fr=stop pt=19791 ct=418 tt=20209 rl=0 ms=8370
12:03:58 OK                     1036185244   txn=7 fr=stop pt=20067 ct=886 tt=20953 rl=0 ms=10929
12:04:06 OK                     1152718739   txn=4 fr=stop pt=15628 ct=601 tt=16229 rl=0 ms=9812
12:04:08 OK                     1390952698   txn=4 fr=stop pt=20013 ct=661 tt=20674 rl=0 ms=9074
12:04:24 OK                     1511624796   txn=15 fr=stop pt=19969 ct=1315 tt=21284 rl=0 ms=14658
12:04:33 OK                     1707857175   txn=70 fr=stop pt=22161 ct=3914 tt=26075 rl=0 ms=24271
12:04:38 OK                     369606524    txn=16 fr=stop pt=20304 ct=1508 tt=21812 rl=0 ms=13107
12:04:51 OK                     1118980175   txn=7 fr=stop pt=20012 ct=928 tt=20940 rl=0 ms=10806
12:04:52 cached                 221159806    txn=2 fr=stop pt=20000 ct=564 tt=20564 rl=0 ms=10734
12:04:58 OK                     515948911    txn=56 fr=stop pt=21779 ct=3480 tt=25259 rl=0 ms=22995
12:05:03 OK                     393366914    txn=2 fr=stop pt=19970 ct=552 tt=20522 rl=0 ms=10186
12:05:14 OK                     905768587    txn=8 fr=stop pt=20228 ct=1031 tt=21259 rl=0 ms=14439
12:05:17 DONE arm=A ok=12/12 calls_that_saw_429=0
12:05:17 START arm=B prompt=SBI_PROMPT_PREV.txt n=12 conc=2 prompt_sha=21d7c16174ba schema=GEMINI_SCHEMA(26 leaves)
12:05:28 OK                     1120623464   txn=1 fr=stop pt=18958 ct=524 tt=19482 rl=0 ms=11109
12:05:32 OK                     1036185244   txn=7 fr=stop pt=19234 ct=1183 tt=20417 rl=0 ms=14826
12:05:40 OK                     1152718739   txn=4 fr=stop pt=14795 ct=639 tt=15434 rl=0 ms=8843
12:05:51 OK                     1390952698   txn=4 fr=stop pt=19180 ct=1538 tt=20718 rl=0 ms=16666
12:05:56 OK                     1511624796   txn=15 fr=stop pt=19136 ct=1340 tt=20476 rl=0 ms=12759
12:06:14 OK                     369606524    txn=16 fr=stop pt=19471 ct=1758 tt=21229 rl=0 ms=15794
12:06:23 OK                     1707857175   txn=70 fr=stop pt=21328 ct=4373 tt=25701 rl=0 ms=29974
12:06:38 OK                     1118980175   txn=7 fr=stop pt=19179 ct=910 tt=20089 rl=0 ms=12554
12:06:42 OK                     515948911    txn=56 fr=stop pt=20946 ct=3952 tt=24898 rl=0 ms=25500
12:06:51 OK                     221159806    txn=2 fr=stop pt=19167 ct=503 tt=19670 rl=0 ms=9571
12:06:56 OK                     393366914    txn=2 fr=stop pt=19137 ct=668 tt=19805 rl=0 ms=11361
12:07:07 OK                     905768587    txn=8 fr=stop pt=19395 ct=1110 tt=20505 rl=0 ms=13964
12:07:10 DONE arm=B ok=12/12 calls_that_saw_429=0
12:07:10 START arm=C prompt=GEMINI_GENERIC_PROMPT.txt n=12 conc=2 prompt_sha=7886583cba60 schema=GEMINI_SCHEMA(26 leaves)
12:07:21 OK                     1120623464   txn=1 fr=stop pt=16487 ct=724 tt=17211 rl=0 ms=11215
12:07:21 OK                     1036185244   txn=7 fr=stop pt=16763 ct=952 tt=17715 rl=0 ms=11272
12:07:34 OK                     1152718739   txn=4 fr=stop pt=12324 ct=819 tt=13143 rl=0 ms=10909
12:07:37 OK                     1390952698   txn=4 fr=stop pt=16709 ct=1087 tt=17796 rl=0 ms=12941
12:07:50 OK                     1511624796   txn=15 fr=stop pt=16665 ct=1428 tt=18093 rl=0 ms=13899
12:08:02 OK                     1707857175   txn=71 fr=stop pt=18857 ct=3858 tt=22715 rl=0 ms=22351
12:08:11 OK                     369606524    txn=16 fr=stop pt=17000 ct=1531 tt=18531 rl=0 ms=18721
12:08:23 OK                     1118980175   txn=7 fr=stop pt=16708 ct=916 tt=17624 rl=0 ms=11041
12:08:30 OK                     515948911    txn=56 fr=stop pt=18475 ct=3906 tt=22381 rl=0 ms=26579
12:08:35 OK                     221159806    txn=2 fr=stop pt=16696 ct=540 tt=17236 rl=0 ms=8810
12:08:43 OK                     393366914    txn=2 fr=stop pt=16666 ct=580 tt=17246 rl=0 ms=11471
12:08:51 OK                     905768587    txn=8 fr=stop pt=16924 ct=1035 tt=17959 rl=0 ms=12730
12:08:53 DONE arm=C ok=12/12 calls_that_saw_429=0
