model=gt prompt=GT_PROMPT(unchanged) n=281 todo=281 par=1 out=/Users/mayanck.bihani/Savesage/bank_eval/hdfc/gt_full
1/281 [26s] OK fr=stop txn=18 att=1 rl=0 lat=26916ms in=13195 out=2203 decrypt_1000001429_19ee635e6b5ca8dd_5268XXXXXXXXXX79
2/281 [80s] OK fr=stop txn=1 att=1 rl=0 lat=53108ms in=11143 out=643 decrypt_1003374647_19fc281339f200fd_4023XXXXXXXXXX68
3/281 [121s] OK fr=stop txn=16 att=1 rl=0 lat=41888ms in=13398 out=2353 decrypt_1004976115_19f6b241ed96e20c_4854XXXXXXXXXX52
4/281 [173s] OK fr=stop txn=46 att=1 rl=0 lat=51268ms in=16312 out=4799 decrypt_1006624221_19fc3990d36fe58b_6529XXXXXXXXXX03
5/281 [217s] OK fr=stop txn=27 att=1 rl=0 lat=44160ms in=13890 out=3031 decrypt_1007138360_19fc36498a4f10f1_6529XXXXXXXXXX47
6/281 [245s] OK fr=stop txn=14 att=1 rl=0 lat=28391ms in=13760 out=2038 decrypt_1007259461_19fc3e489eef7576_4022XXXXXXXXXX57
7/281 [281s] OK fr=stop txn=28 att=1 rl=0 lat=36187ms in=14038 out=3074 decrypt_1007633548_19fc42a54b364a79_6529XXXXXXXXXX00
8/281 [304s] OK fr=stop txn=16 att=1 rl=0 lat=22224ms in=13076 out=2039 decrypt_1008041836_19fc4891bda81a19_5268XXXXXXXXXX35
9/281 [338s] OK fr=stop txn=24 att=1 rl=0 lat=33969ms in=13787 out=2913 decrypt_1028274832_19fcb3b4c55f8f3b_4854XXXXXXXXXX53
10/281 [355s] OK fr=stop txn=7 att=1 rl=0 lat=17271ms in=10525 out=1181 decrypt_1036474356_19d010a851c47e93_5268XXXXXXXXXX21
11/281 [370s] OK fr=stop txn=2 att=1 rl=0 lat=15175ms in=11157 out=764 decrypt_10378_20260601_114107_124_0036XXXXXXXXXX48_1
12/281 [397s] OK fr=stop txn=22 att=1 rl=0 lat=26417ms in=13268 out=2571 decrypt_1040137277_19f801df085c71aa_5268XXXXXXXXXX62
13/281 [417s] OK fr=stop txn=9 att=1 rl=0 lat=20658ms in=12905 out=1448 decrypt_1044835578_19fd065a0d5b8c16_5459XXXXXXXXXX45
14/281 [433s] OK fr=stop txn=4 att=1 rl=0 lat=16212ms in=12621 out=988 decrypt_1054010601_19d8c1db709e8d79_4854XXXXXXXXXX08
15/281 [470s] OK fr=stop txn=33 att=1 rl=0 lat=36563ms in=13192 out=3501 decrypt_1058554327_19d0ba865d1d632d_6530XXXXXXXXXX02
16/281 [482s] OK fr=stop txn=1 att=1 rl=0 lat=12051ms in=10724 out=626 decrypt_1059505310_19d0c22a22df17a0_0036XXXXXXXXXX46
17/281 [495s] OK fr=stop txn=3 att=1 rl=0 lat=13365ms in=10343 out=829 decrypt_1074100658_1653e0aaad0d61d3_4854XXXXXXXXXX08
18/281 [515s] OK fr=stop txn=5 att=1 rl=0 lat=19311ms in=12732 out=1103 decrypt_1077681910_19f6bb004730168a_5372XXXXXXXXXX33
19/281 [543s] OK fr=stop txn=19 att=1 rl=0 lat=28558ms in=13630 out=2315 decrypt_1084375771_19d19ede9671b70a_6529XXXXXXXXXX26
20/281 [561s] OK fr=stop txn=4 att=1 rl=0 lat=17962ms in=10521 out=941 decrypt_1107520367_1891653fbf53cfe2_6529XXXXXXXXXX25
21/281 [593s] OK fr=stop txn=26 att=1 rl=0 lat=31315ms in=15136 out=3112 decrypt_114699874_17f51f3a6aee34f5_4375XXXXXXXXXX29_
22/281 [606s] OK fr=stop txn=2 att=1 rl=0 lat=13183ms in=12628 out=705 decrypt_116363825_19333ecb46bf64b8_4695XXXXXXXXXX19_
23/281 [628s] OK fr=stop txn=9 att=1 rl=0 lat=21722ms in=13106 out=1451 decrypt_1194682871_19d500f0083bb8a3_4022XXXXXXXXXX34
24/281 [639s] OK fr=stop txn=1 att=1 rl=0 lat=11882ms in=8317 out=712 decrypt_1196489569_19d518a09371644e_HDFC_Bank_Pixel_
25/281 [684s] OK fr=stop txn=45 att=1 rl=0 lat=45078ms in=15984 out=4761 decrypt_1200743427_19c7baa31fef379c_0036XXXXXXXXXX16
26/281 [698s] OK fr=stop txn=5 att=1 rl=0 lat=13942ms in=12893 out=1047 decrypt_120076208_192133d7913277bc_4854XXXXXXXXXX10_
27/281 [720s] OK fr=stop txn=12 att=1 rl=0 lat=21648ms in=12798 out=1808 decrypt_120194211_1917412aeee5e459_4577XXXXXXXXXX72_
28/281 [765s] OK fr=stop txn=40 att=1 rl=0 lat=45016ms in=16610 out=4782 decrypt_1297815983_19d85bca1c5980f8_4639XXXXXXXXXX65
29/281 [787s] OK fr=stop txn=12 att=1 rl=0 lat=21842ms in=10974 out=1662 decrypt_1301751572_19d87037e5152550_5268XXXXXXXXXX57
30/281 [808s] OK fr=stop txn=13 att=1 rl=0 lat=21271ms in=12809 out=1804 decrypt_1313134750_19d8cb2e361d4053_5268XXXXXXXXXX66
31/281 [825s] OK fr=stop txn=5 att=1 rl=0 lat=16892ms in=12575 out=1071 decrypt_1314262250_19d8d7f063feebb5_6530XXXXXXXXXX46
32/281 [856s] OK fr=stop txn=22 att=1 rl=0 lat=31008ms in=13656 out=2763 decrypt_1321299796_19d910697db4ced0_5522XXXXXXXXXX29
33/281 [883s] OK fr=stop txn=14 att=1 rl=0 lat=26750ms in=13387 out=2114 decrypt_1321692961_19d912a5cd24c79d_4341XXXXXXXXXX85
34/281 [898s] OK fr=stop txn=3 att=1 rl=0 lat=15252ms in=11171 out=894 decrypt_1331350479_19d95f6ab8e53ba3_0036XXXXXXXXXX85
35/281 [923s] OK fr=stop txn=20 att=1 rl=0 lat=25268ms in=12997 out=2424 decrypt_1333936388_19d96f2774f958fb_5268XXXXXXXXXX36
36/281 [944s] OK fr=stop txn=11 att=1 rl=0 lat=20159ms in=12587 out=1651 decrypt_1334151138_19d971090ec8b56e_5372XXXXXXXXXX25
37/281 [966s] OK fr=stop txn=11 att=1 rl=0 lat=22363ms in=12988 out=1625 decrypt_1341280270_19d9adc027f30ffe_4375XXXXXXXXXX17
38/281 [997s] OK fr=stop txn=24 att=1 rl=0 lat=31078ms in=13201 out=2810 decrypt_1353742935_19da0d215be432fa_5268XXXXXXXXXX85
39/281 [1034s] OK fr=stop txn=28 att=1 rl=0 lat=36984ms in=13718 out=3220 decrypt_1359787929_19da4b87600e475b_5522XXXXXXXXXX82
40/281 [1074s] OK fr=stop txn=29 att=1 rl=0 lat=40224ms in=13427 out=3416 decrypt_136953445_16fbdd67f1b70caf_4639XXXXXXXXXX90_
41/281 [1092s] OK fr=stop txn=6 att=1 rl=0 lat=17703ms in=10782 out=1101 decrypt_1374016344_19dabf4c67deed86_5268XXXXXXXXXX37
42/281 [1108s] OK fr=stop txn=5 att=1 rl=0 lat=15946ms in=10635 out=1040 decrypt_1401418909_19db986fc102034b_6530XXXXXXXXXX31
43/281 [1128s] OK fr=stop txn=7 att=1 rl=0 lat=19699ms in=12776 out=1278 decrypt_1403225883_19dba173e44c8703_4341XXXXXXXXXX03
44/281 [1164s] OK fr=stop txn=28 att=1 rl=0 lat=35918ms in=11593 out=3449 decrypt_1441449813_19dcd38044e15988_HDFC_Bank_Pixel_
45/281 [1189s] OK fr=stop txn=15 att=1 rl=0 lat=25813ms in=15205 out=2112 decrypt_1451112003_194d892a4b75a471_5523XXXXXXXXXX23
46/281 [1211s] OK fr=stop txn=9 att=1 rl=0 lat=22067ms in=10634 out=1519 decrypt_1464499215_185c806bd5dcf43e_3610XXXXXXXX53_1
47/281 [1232s] OK fr=stop txn=5 att=1 rl=0 lat=20683ms in=10464 out=992 decrypt_1465138691_193dd7aa700acdda_4341XXXXXXXXXX17
48/281 [1262s] OK fr=stop txn=7 att=4 rl=0 lat=30250ms in=10989 out=1229 decrypt_1467094437_19dd7998cbedc24a_4375XXXXXXXXXX20
49/281 [1291s] OK fr=stop txn=22 att=1 rl=0 lat=28494ms in=13508 out=2577 decrypt_1521401884_19dec495bdd965f3_6529XXXXXXXXXX15
50/281 [1307s] OK fr=stop txn=7 att=1 rl=0 lat=16488ms in=10806 out=1233 decrypt_1524961207_187ee1b371fde3b6_4572XXXXXXXXXX18
51/281 [1322s] OK fr=stop txn=3 att=1 rl=0 lat=14976ms in=12723 out=839 decrypt_1528160396_1946da3ddc437dcd_4639XXXXXXXXXX80
52/281 [1334s] OK fr=stop txn=3 att=1 rl=0 lat=11655ms in=12633 out=789 decrypt_1542545787_1901b0152ba4153d_5523XXXXXXXXXX64
53/281 [1363s] OK fr=stop txn=19 att=1 rl=0 lat=29387ms in=14902 out=2550 decrypt_1556153826_18f7add37fa12fa8_4572XXXXXXXXXX20
54/281 [1375s] OK fr=stop txn=1 att=1 rl=0 lat=11561ms in=10262 out=634 decrypt_1573279512_19cf6b37a93a3ad5_5372XXXXXXXXXX59
55/281 [1397s] OK fr=stop txn=13 att=1 rl=0 lat=21964ms in=14904 out=1945 decrypt_1606778285_1903a32e8e557cf9_4695XXXXXXXXXX11
56/281 [1409s] OK fr=stop txn=1 att=1 rl=0 lat=11789ms in=10639 out=633 decrypt_1613196399_19e115ebf050b4da_0036XXXXXXXXXX41
57/281 [1421s] OK fr=stop txn=2 att=1 rl=0 lat=12103ms in=10728 out=715 decrypt_1625148322_19d0f4d77b67ab50_5589XXXXXXXXXX46
58/281 [1463s] OK fr=stop txn=39 att=1 rl=0 lat=42121ms in=13794 out=4134 decrypt_1634437866_19869831b97f1b78_6529XXXXXXXXXX20
59/281 [1520s] OK fr=stop txn=55 att=1 rl=0 lat=56904ms in=16972 out=6094 decrypt_1646097445_195a7d487d03bd1f_4854XXXXXXXXXX63
60/281 [1564s] OK fr=stop txn=40 att=1 rl=0 lat=44438ms in=13762 out=4222 decrypt_164729740_197328c02051ed35_6529XXXXXXXXXX85_
61/281 [1582s] OK fr=stop txn=5 att=1 rl=0 lat=18159ms in=13382 out=1053 decrypt_1659601881_1920442f62ab7481_4577XXXXXXXXXX40
62/281 [1601s] OK fr=stop txn=9 att=1 rl=0 lat=18054ms in=13175 out=1365 decrypt_1663560885_192a2eaea42795f8_6530XXXXXXXXXX61
63/281 [1655s] OK fr=stop txn=43 att=1 rl=0 lat=54005ms in=13832 out=4521 decrypt_1667800365_19e263589509ee3e_5268XXXXXXXXXX82
64/281 [1677s] OK fr=stop txn=7 att=1 rl=0 lat=22225ms in=11025 out=1323 decrypt_1672398864_19e287a1382163d9_6530XXXXXXXXXX53
65/281 [1737s] OK fr=stop txn=44 att=1 rl=0 lat=60162ms in=17238 out=5425 decrypt_1678401256_19aa6bdd1e9f899e_5522XXXXXXXXXX40
66/281 [1773s] OK fr=stop txn=30 att=1 rl=0 lat=36101ms in=13069 out=3691 decrypt_1689546515_1915bf471a63600e_5416XXXXXXXXXX24
67/281 [1795s] OK fr=stop txn=8 att=1 rl=0 lat=22176ms in=10878 out=1369 decrypt_1692580129_198b2f7f14973fe3_3610XXXXXXXX43_1
68/281 [1886s] OK fr=stop txn=69 att=1 rl=0 lat=91176ms in=14580 out=7058 decrypt_1704058880_19e34a13a2a199e7_3608XXXXXXXX84_1
69/281 [1932s] OK fr=stop txn=4 att=1 rl=0 lat=45910ms in=11258 out=972 decrypt_1705107163_19d4e13fd1c965fe_4023XXXXXXXXXX18
70/281 [17812s] OK fr=stop txn=19 att=10 rl=0 lat=15879698ms in=13548 out=2480 decrypt_170594703_19daf0e13991add5_5523XXXXXXXXXX09_
71/281 [17812s] OK fr=stop txn=7 att=1 rl=0 lat=17225ms in=12793 out=1308 decrypt_1706662991_19e357806f433b00_5228XXXXXXXXXX75
72/281 [17812s] OK fr=stop txn=0 att=1 rl=0 lat=8568ms in=8217 out=621 decrypt_1711281532_1955a014a99b930b_HDFC_Bank_Pixel_
73/281 [17812s] OK fr=stop txn=21 att=1 rl=0 lat=27738ms in=14898 out=2738 decrypt_1713720351_17cb1deb26e31095_4375XXXXXXXXXX55
74/281 [17840s] OK fr=stop txn=23 att=1 rl=0 lat=28374ms in=13183 out=2695 decrypt_1723515293_19e3b5338033e3ad_5268XXXXXXXXXX05
75/281 [17855s] OK fr=stop txn=4 att=1 rl=0 lat=14757ms in=10755 out=985 decrypt_172459778_19e2ac18500eafff_5372XXXXXXXXXX51_
76/281 [17896s] OK fr=stop txn=37 att=1 rl=0 lat=40687ms in=16117 out=3962 decrypt_1732499368_19e3f2a26405c8a5_6529XXXXXXXXXX44
77/281 [17911s] OK fr=stop txn=5 att=1 rl=0 lat=15417ms in=11239 out=1007 decrypt_1741072173_18847013d7b49f4d_4577XXXXXXXXXX35
78/281 [17926s] OK fr=stop txn=2 att=1 rl=0 lat=14372ms in=10494 out=723 decrypt_1741303904_19943aee1836e5e9_5268XXXXXXXXXX64
79/281 [17950s] OK fr=stop txn=14 att=1 rl=0 lat=24049ms in=13194 out=1855 decrypt_1756410838_199f656352543609_6529XXXXXXXXXX34
80/281 [18004s] OK fr=stop txn=51 att=1 rl=0 lat=54802ms in=17164 out=5901 decrypt_1766388459_19e4b512e626509d_4854XXXXXXXXXX66
81/281 [18022s] OK fr=stop txn=7 att=1 rl=0 lat=17788ms in=13095 out=1284 decrypt_1773404796_19472c5894e81843_4572XXXXXXXXXX04
82/281 [18049s] OK fr=stop txn=7 att=1 rl=0 lat=26532ms in=10703 out=1308 decrypt_178349759_193f7faf9ef8607f_4341XXXXXXXXXX28_
83/281 [18065s] OK fr=stop txn=5 att=1 rl=0 lat=15997ms in=10675 out=1009 decrypt_1786952495_19e5006262824c69_5268XXXXXXXXXX23
84/281 [18088s] OK fr=stop txn=10 att=1 rl=0 lat=22981ms in=12972 out=1606 decrypt_1787504092_19e5024075cbb6e1_5372XXXXXXXXXX18
85/281 [18101s] OK fr=stop txn=1 att=1 rl=0 lat=12766ms in=10216 out=620 decrypt_1793197687_19d9c608ef70fe41_5268XXXXXXXXXX75
86/281 [18120s] OK fr=stop txn=9 att=1 rl=0 lat=19300ms in=12958 out=1474 decrypt_182753160_19eba3b7d4b5095d_4893XXXXXXXXXX16_
87/281 [18132s] OK fr=stop txn=1 att=1 rl=0 lat=11808ms in=10540 out=635 decrypt_1849181159_19e5a2f840fda55c_0036XXXXXXXXXX64
88/281 [18150s] OK fr=stop txn=5 att=1 rl=0 lat=18111ms in=10852 out=1026 decrypt_199385897_19a9850c20459241_0036XXXXXXXXXX77_
89/281 [18166s] OK fr=stop txn=6 att=1 rl=0 lat=16543ms in=10516 out=1107 decrypt_2022481147_191646974f3e012b_6529XXXXXXXXXX32
90/281 [18182s] OK fr=stop txn=4 att=1 rl=0 lat=15845ms in=10387 out=920 decrypt_202798112_1958dff2702f2a35_5372XXXXXXXXXX60_
91/281 [18204s] OK fr=stop txn=11 att=1 rl=0 lat=22147ms in=10930 out=1719 decrypt_2038798665_1994d2c267cbd71c_5268XXXXXXXXXX23
92/281 [18236s] OK fr=stop txn=24 att=1 rl=0 lat=31269ms in=15335 out=2970 decrypt_2050509744_193d3164f9e1b9b7_4854XXXXXXXXXX47
93/281 [18265s] OK fr=stop txn=21 att=1 rl=0 lat=29533ms in=13871 out=2823 decrypt_2056820968_19e44b4d159aa50d_4632XXXXXXXXXX85
94/281 [18282s] OK fr=stop txn=4 att=1 rl=0 lat=17284ms in=12395 out=934 decrypt_208574457_18d76fc99a4de926_5522XXXXXXXXXX31_
95/281 [18298s] OK fr=stop txn=6 att=1 rl=0 lat=15950ms in=12556 out=1151 decrypt_2091160116_1914ad57be1723fd_4577XXXXXXXXXX12
96/281 [18320s] OK fr=stop txn=11 att=1 rl=0 lat=21487ms in=10877 out=1573 decrypt_2095121764_19943eacc6766b50_5268XXXXXXXXXX70
97/281 [18343s] OK fr=stop txn=14 att=1 rl=0 lat=23413ms in=12542 out=1903 decrypt_2095158197_18827e2ab7695e15_5459XXXXXXXXXX38
98/281 [18371s] OK fr=stop txn=20 att=1 rl=0 lat=28071ms in=16528 out=2602 decrypt_2096534660_1836357fd5f1878b_4572XXXXXXXXXX51
99/281 [18401s] OK fr=stop txn=24 att=1 rl=0 lat=29413ms in=13191 out=2758 decrypt_2167919244_19e2638ce48be46d_5268XXXXXXXXXX94
100/281 [18413s] OK fr=stop txn=1 att=1 rl=0 lat=12053ms in=10572 out=625 decrypt_221414905_19ec73baa0c1a27b_5181XXXXXXXXXX59_
101/281 [18441s] OK fr=stop txn=20 att=1 rl=0 lat=27651ms in=13347 out=2539 decrypt_221926359_19b1c715c58151ce_0036XXXXXXXXXX36_
102/281 [18461s] OK fr=stop txn=14 att=1 rl=0 lat=20671ms in=12743 out=1826 decrypt_222889854_19ec81da9a87ca26_6530XXXXXXXXXX21_
103/281 [18480s] OK fr=stop txn=10 att=1 rl=0 lat=18875ms in=12809 out=1482 decrypt_231745607_19ecafa6a679925f_4854XXXXXXXXXX47_
104/281 [18496s] OK fr=stop txn=6 att=1 rl=0 lat=16333ms in=12610 out=1129 decrypt_232783658_19ecb4313478fafa_6528XXXXXXXXXX47_
105/281 [18516s] OK fr=stop txn=10 att=1 rl=0 lat=19420ms in=11267 out=1663 decrypt_234377875_19aa18f320fbf128_5181XXXXXXXXXX50_
106/281 [18536s] OK fr=stop txn=4 att=1 rl=0 lat=19689ms in=10813 out=981 decrypt_236010497_19a8389425d08978_0036XXXXXXXXXX34_
107/281 [18549s] OK fr=stop txn=4 att=1 rl=0 lat=13295ms in=10814 out=914 decrypt_23704_20260710_022652_178_5523XXXXXXXXXX74_1
108/281 [18561s] OK fr=stop txn=2 att=1 rl=0 lat=12004ms in=10567 out=704 decrypt_239006153_19dba8679ff935eb_5268XXXXXXXXXX45_
109/281 [18577s] OK fr=stop txn=7 att=1 rl=0 lat=16581ms in=12833 out=1200 decrypt_250520458_19ed1704ae29ec29_0036XXXXXXXXXX25_
110/281 [18598s] OK fr=stop txn=8 att=1 rl=0 lat=20454ms in=12667 out=1291 decrypt_251015678_19ed1b000d295e7a_5268XXXXXXXXXX13_
111/281 [18620s] OK fr=stop txn=10 att=1 rl=0 lat=22573ms in=12756 out=1533 decrypt_252037730_19b242ecc42b1806_4854XXXXXXXXXX59_
112/281 [18675s] OK fr=stop txn=51 att=1 rl=0 lat=54056ms in=16864 out=5893 decrypt_252502266_19bc220c2d3c07ef_4341XXXXXXXXXX35_
113/281 [18690s] OK fr=stop txn=3 att=1 rl=0 lat=15638ms in=10815 out=835 decrypt_254551018_19aa69887d57b017_5522XXXXXXXXXX17_
114/281 [18701s] OK fr=stop txn=1 att=1 rl=0 lat=11213ms in=10277 out=615 decrypt_262692645_19b314bc16c12e28_5268XXXXXXXXXX47_
115/281 [18774s] OK fr=stop txn=83 att=1 rl=0 lat=72641ms in=16989 out=8035 decrypt_263640292_19ed61be9868cec7_6530XXXXXXXXXX67_
116/281 [18796s] OK fr=stop txn=12 att=1 rl=0 lat=21492ms in=13101 out=1795 decrypt_267910014_19bb70d77c40e1bd_5181XXXXXXXXXX69_
117/281 [18810s] OK fr=stop txn=4 att=1 rl=0 lat=14443ms in=11300 out=953 decrypt_285839648_19ede97eb758dce4_0036XXXXXXXXXX21_
118/281 [18830s] OK fr=stop txn=10 att=1 rl=0 lat=19979ms in=11038 out=1529 decrypt_285879906_19b1c8cf84649584_5268XXXXXXXXXX57_
119/281 [18871s] OK fr=stop txn=34 att=1 rl=0 lat=40557ms in=15698 out=3902 decrypt_286444143_190deee6125b29e2_3607XXXXXXXX97_22
120/281 [18901s] OK fr=stop txn=22 att=1 rl=0 lat=30416ms in=13789 out=2645 decrypt_289154370_19bbd3ad4206f61a_6529XXXXXXXXXX12_
121/281 [18919s] OK fr=stop txn=9 att=1 rl=0 lat=18294ms in=12970 out=1453 decrypt_294132372_19dbf9a45f273136_4854XXXXXXXXXX67_
122/281 [18941s] OK fr=stop txn=14 att=1 rl=0 lat=21752ms in=12964 out=1892 decrypt_305266_20260316_064257_290_5522XXXXXXXXXX58_
123/281 [18978s] OK fr=stop txn=34 att=1 rl=0 lat=37045ms in=14044 out=3697 decrypt_305724115_19bc7559248adec7_6529XXXXXXXXXX32_
124/281 [18996s] OK fr=stop txn=10 att=1 rl=0 lat=17690ms in=11097 out=1461 decrypt_308513115_19ee61900c3f9c9f_5268XXXXXXXXXX07_
125/281 [19090s] OK fr=stop txn=123 att=1 rl=0 lat=94706ms in=15721 out=11578 decrypt_310396339_19e30dcf27dc7f73_HDFC_Bank_Pixel_P
126/281 [19102s] OK fr=stop txn=1 att=1 rl=0 lat=11305ms in=10303 out=634 decrypt_311699439_19bcae68f8d3beb7_4577XXXXXXXXXX60_
127/281 [19124s] OK fr=stop txn=15 att=1 rl=0 lat=22020ms in=13126 out=2000 decrypt_311856914_19bcaf37125e7546_0036XXXXXXXXXX63_
128/281 [19137s] OK fr=stop txn=3 att=1 rl=0 lat=13567ms in=10650 out=800 decrypt_312035055_19bcafe4734d7f64_0036XXXXXXXXXX45_
129/281 [19194s] OK fr=stop txn=63 att=1 rl=0 lat=57020ms in=16066 out=6249 decrypt_313233022_19bcb5f4444cf98e_6530XXXXXXXXXX68_
130/281 [19255s] OK fr=stop txn=63 att=1 rl=0 lat=60703ms in=17354 out=6850 decrypt_321531061_19eeb6a697075c11_6528XXXXXXXXXX01_
131/281 [19268s] OK fr=stop txn=4 att=1 rl=0 lat=13170ms in=10853 out=912 decrypt_322556407_19bbdbe49e068203_0036XXXXXXXXXX01_
132/281 [19286s] OK fr=stop txn=9 att=1 rl=0 lat=18092ms in=10539 out=1494 decrypt_325155919_19eeda02f0678695_HDFC_Bank_Pixel_P
133/281 [19300s] OK fr=stop txn=5 att=1 rl=0 lat=13842ms in=10688 out=1055 decrypt_335420570_19ef0943125f08b5_4695XXXXXXXXXX16_
134/281 [19325s] OK fr=stop txn=17 att=1 rl=0 lat=25068ms in=14510 out=2283 decrypt_336089883_194914c4c670757d_5181XXXXXXXXXX11_
135/281 [19335s] OK fr=stop txn=1 att=1 rl=0 lat=9420ms in=8311 out=606 decrypt_338417038_199ebf7c1fc6b9e9_HDFC_Bank_Pixel_P
136/281 [19348s] OK fr=stop txn=4 att=1 rl=0 lat=13719ms in=12455 out=926 decrypt_348356766_19ef4eaa9ee1550d_5372XXXXXXXXXX50_
137/281 [19374s] OK fr=stop txn=10 att=1 rl=0 lat=25810ms in=13019 out=1605 decrypt_351009068_19bdbc0cb00ce71d_5522XXXXXXXXXX57_
138/281 [19400s] OK fr=stop txn=9 att=1 rl=0 lat=25924ms in=11048 out=1392 decrypt_361136650_19ef8cb9df3f2383_5268XXXXXXXXXX87_
139/281 [19418s] OK fr=stop txn=5 att=1 rl=0 lat=17634ms in=10966 out=1016 decrypt_368372182_19efa121b74f650d_5268XXXXXXXXXX87_
140/281 [19442s] OK fr=stop txn=12 att=1 rl=0 lat=23869ms in=11073 out=1841 decrypt_374154958_1962eef3658d643a_3610XXXXXXXX59_12
141/281 [19459s] OK fr=stop txn=5 att=1 rl=0 lat=17032ms in=10690 out=1024 decrypt_376951286_19b4130f9ffb730a_6528XXXXXXXXXX69_
142/281 [19482s] OK fr=stop txn=2 att=1 rl=0 lat=22805ms in=10628 out=741 decrypt_378038910_19be9ff5c80e0b6a_6529XXXXXXXXXX59_
143/281 [19502s] OK fr=stop txn=11 att=1 rl=0 lat=20167ms in=10833 out=1526 decrypt_379442466_19e3093191b1086d_6530XXXXXXXXXX21_
144/281 [19521s] OK fr=stop txn=4 att=1 rl=0 lat=19119ms in=10555 out=922 decrypt_393753076_1996ca20b9b8d9a6_6529XXXXXXXXXX44_
145/281 [19532s] OK fr=stop txn=3 att=1 rl=0 lat=11396ms in=9894 out=814 decrypt_397852633_196c94d16af3f8fa_5268XXXXXXXXXX49_
146/281 [19562s] OK fr=stop txn=27 att=1 rl=0 lat=29353ms in=15685 out=3000 decrypt_427484127_193d8ea4d8afed14_6529XXXXXXXXXX55_
147/281 [19578s] OK fr=stop txn=7 att=1 rl=0 lat=16279ms in=13139 out=1316 decrypt_431852592_196dd6f02cdcec51_5522XXXXXXXXXX80_
148/281 [19592s] OK fr=stop txn=4 att=1 rl=0 lat=13591ms in=10935 out=943 decrypt_432234805_19f0c9613553eb8a_4854XXXXXXXXXX21_
149/281 [19613s] OK fr=stop txn=12 att=1 rl=0 lat=21928ms in=11141 out=1848 decrypt_432372787_19179a46074d653f_3610XXXXXXXX08_21
150/281 [19632s] OK fr=stop txn=10 att=1 rl=0 lat=18172ms in=12763 out=1451 decrypt_445919476_18c9047e55508705_6530XXXXXXXXXX62_
151/281 [19647s] OK fr=stop txn=1 att=1 rl=0 lat=15454ms in=10307 out=611 decrypt_461280412_1979bd477e618211_3610XXXXXXXX28_22
152/281 [19664s] OK fr=stop txn=6 att=1 rl=0 lat=16817ms in=10661 out=1140 decrypt_483214570_19bdb02b350583a3_4632XXXXXXXXXX02_
153/281 [19680s] OK fr=stop txn=5 att=1 rl=0 lat=16085ms in=12856 out=1035 decrypt_492951318_19c1f6c190bb2c5f_4022XXXXXXXXXX61_
154/281 [19702s] OK fr=stop txn=14 att=1 rl=0 lat=22372ms in=13422 out=1922 decrypt_493242314_19c1f9b31a3b65d3_6529XXXXXXXXXX48_
155/281 [19719s] OK fr=stop txn=6 att=1 rl=0 lat=16298ms in=12902 out=1122 decrypt_493483361_19c1fc04cb476d1a_6529XXXXXXXXXX15_
156/281 [19782s] OK fr=stop txn=66 att=1 rl=0 lat=63217ms in=17031 out=6601 decrypt_493517787_19c1fc592bdf84d1_6529XXXXXXXXXX09_
157/281 [19800s] OK fr=stop txn=12 att=1 rl=0 lat=18038ms in=10369 out=1683 decrypt_495459059_19c21a6837aba7f2_HDFC_Bank_Pixel_P
158/281 [19816s] OK fr=stop txn=7 att=1 rl=0 lat=15595ms in=12859 out=1240 decrypt_507351700_19a831537f70658b_0036XXXXXXXXXX60_
159/281 [19842s] OK fr=stop txn=19 att=1 rl=0 lat=26627ms in=14152 out=2483 decrypt_507911219_19f24a35645ad306_6529XXXXXXXXXX99_
160/281 [19855s] OK fr=stop txn=6 att=1 rl=0 lat=13097ms in=10172 out=1042 decrypt_509262959_157cc2cb8073b9d7_4893XXXXXXXXXX64_
161/281 [19873s] OK fr=stop txn=8 att=1 rl=0 lat=17651ms in=12798 out=1342 decrypt_510302_20260517_191432_394_5522XXXXXXXXXX21_
162/281 [19920s] OK fr=stop txn=50 att=1 rl=0 lat=46722ms in=14053 out=5171 decrypt_515648205_19be16f86ee0ec66_4341XXXXXXXXXX84_
163/281 [19934s] OK fr=stop txn=6 att=1 rl=0 lat=14149ms in=10210 out=1177 decrypt_515871803_19e30364c3b5ff14_HDFC_Bank_Pixel_P
164/281 [19959s] OK fr=stop txn=18 att=1 rl=0 lat=25283ms in=13357 out=2355 decrypt_535035_20260303_170644_670_4854XXXXXXXXXX50_
165/281 [19972s] OK fr=stop txn=5 att=1 rl=0 lat=13302ms in=9934 out=1011 decrypt_540401494_197336c2d8bb2e2f_5268XXXXXXXXXX74_
166/281 [19984s] OK fr=stop txn=3 att=1 rl=0 lat=11427ms in=10160 out=794 decrypt_546768163_18efa9781a284705_6528XXXXXXXXXX40_
167/281 [20004s] OK fr=stop txn=12 att=1 rl=0 lat=20344ms in=11183 out=1710 decrypt_550354649_1977c9a0de33170b_6529XXXXXXXXXX56_
168/281 [20026s] OK fr=stop txn=12 att=1 rl=0 lat=21894ms in=13203 out=1868 decrypt_559393419_19c411193996347f_5522XXXXXXXXXX06_
169/281 [20058s] OK fr=stop txn=31 att=1 rl=0 lat=32123ms in=13329 out=3412 decrypt_567125239_198abd4b645b8fce_6530XXXXXXXXXX12_
170/281 [20069s] OK fr=stop txn=1 att=1 rl=0 lat=10524ms in=10347 out=613 decrypt_573116697_19802d9b06072951_4341XXXXXXXXXX41_
171/281 [20091s] OK fr=stop txn=17 att=1 rl=0 lat=22438ms in=12913 out=2119 decrypt_575573715_19ef9832d557af04_4466XXXXXXXXXX66_
172/281 [20110s] OK fr=stop txn=9 att=1 rl=0 lat=19029ms in=12585 out=1493 decrypt_577285331_1965bd1b2df6df69_4341XXXXXXXXXX75_
173/281 [20125s] OK fr=stop txn=4 att=1 rl=0 lat=15088ms in=11176 out=994 decrypt_585205550_19f40312bdcc41a5_0036XXXXXXXXXX03_
174/281 [20162s] OK fr=stop txn=28 att=1 rl=0 lat=36303ms in=13865 out=3349 decrypt_602636760_19c5086ecbb8c602_0036XXXXXXXXXX37_
175/281 [20174s] OK fr=stop txn=2 att=1 rl=0 lat=12427ms in=10511 out=731 decrypt_620274809_19b2e3d3623d5c32_4572XXXXXXXXXX25_
176/281 [20189s] OK fr=stop txn=4 att=1 rl=0 lat=14703ms in=10504 out=972 decrypt_620637396_19c588fee796ca8c_6530XXXXXXXXXX59_
177/281 [20215s] OK fr=stop txn=21 att=1 rl=0 lat=26241ms in=13055 out=2529 decrypt_629227338_19c5cfb16d520142_5268XXXXXXXXXX41_
178/281 [20239s] OK fr=stop txn=17 att=1 rl=0 lat=23799ms in=13221 out=2175 decrypt_633611396_19be0e9c06e1e70b_0036XXXXXXXXXX95_
179/281 [20258s] OK fr=stop txn=10 att=1 rl=0 lat=18920ms in=11008 out=1564 decrypt_636530784_19c61b13b54e442d_4577XXXXXXXXXX41_
180/281 [20280s] OK fr=stop txn=16 att=1 rl=0 lat=21977ms in=13006 out=2089 decrypt_636812972_172e3b58b1489d3b_5459XXXXXXXXXX31_
181/281 [20311s] OK fr=stop txn=22 att=1 rl=0 lat=31094ms in=13448 out=2936 decrypt_637806286_19c62671548f8e2a_6530XXXXXXXXXX26_
182/281 [20328s] OK fr=stop txn=6 att=1 rl=0 lat=16997ms in=10705 out=1136 decrypt_637810891_19c62684f66b7377_5535XXXXXXXXXX22_
183/281 [20347s] OK fr=stop txn=8 att=1 rl=0 lat=18889ms in=13040 out=1392 decrypt_650272933_1920360173247fb0_4854XXXXXXXXXX10_
184/281 [20388s] OK fr=stop txn=37 att=1 rl=0 lat=41306ms in=14713 out=4408 decrypt_657449850_19b312f9ad5b3d88_4854XXXXXXXXXX63_
185/281 [20404s] OK fr=stop txn=7 att=1 rl=0 lat=16404ms in=10758 out=1284 decrypt_657988166_19c6c0ea0f0b3e3d_4572XXXXXXXXXX16_
186/281 [20422s] OK fr=stop txn=8 att=1 rl=0 lat=17941ms in=13197 out=1349 decrypt_660732666_19b7e6ca59b45a81_4023XXXXXXXXXX80_
187/281 [20444s] OK fr=stop txn=4 att=1 rl=0 lat=21238ms in=12922 out=996 decrypt_666281181_19c7041eede6207f_6529XXXXXXXXXX75_
188/281 [20475s] OK fr=stop txn=29 att=1 rl=0 lat=31788ms in=13384 out=3258 decrypt_668879557_19c7118d7ecb7a25_5268XXXXXXXXXX41_
189/281 [20493s] OK fr=stop txn=8 att=1 rl=0 lat=17147ms in=10578 out=1272 decrypt_671625399_196e1bf4b524ab75_4341XXXXXXXXXX49_
190/281 [20504s] OK fr=stop txn=3 att=1 rl=0 lat=11168ms in=10317 out=778 decrypt_671734452_19593d58d7dbfb8f_6529XXXXXXXXXX64_
191/281 [20524s] OK fr=stop txn=5 att=1 rl=0 lat=20378ms in=11028 out=1076 decrypt_674130886_197ca4725b75084b_4022XXXXXXXXXX24_
192/281 [20538s] OK fr=stop txn=4 att=1 rl=0 lat=14028ms in=12609 out=953 decrypt_675273289_19c749d831374011_4572XXXXXXXXXX68_
193/281 [20554s] OK fr=stop txn=6 att=1 rl=0 lat=15716ms in=10942 out=1089 decrypt_676212835_19c74ddbd50d006e_5522XXXXXXXXXX15_
194/281 [20581s] OK fr=stop txn=21 att=1 rl=0 lat=27242ms in=13779 out=2533 decrypt_683101450_19b68a557fce7249_6529XXXXXXXXXX87_
195/281 [20624s] OK fr=stop txn=44 att=1 rl=0 lat=43364ms in=14011 out=4579 decrypt_693665665_19f612e5b9fb7870_6528XXXXXXXXXX94_
196/281 [20642s] OK fr=stop txn=9 att=1 rl=0 lat=17788ms in=12831 out=1443 decrypt_694712666_19a91d611ddb6084_4854XXXXXXXXXX08_
197/281 [20658s] OK fr=stop txn=7 att=1 rl=0 lat=15961ms in=10833 out=1202 decrypt_694767615_19c7c50e752d1d23_5268XXXXXXXXXX65_
198/281 DRIVER_EXCEPTION decrypt_696437562_16874c1fa126323d_4893XXXXXXXXXX15_18_01_2019 OSError: [Errno 28] No space left on device: '/Users/mayanck.bihani/Savesage/bank_eval/hdfc/gt_full/json/decrypt_696437562_16874c1fa126323d_4893XXXXXXXXXX15_18_01_2019.json.tmp'
199/281 DRIVER_EXCEPTION decrypt_697704434_1605459ba074f4f4_3608XXXXXXXX57_13_12_2017 OSError: [Errno 28] No space left on device: '/Users/mayanck.bihani/Savesage/bank_eval/hdfc/gt_full/json/decrypt_697704434_1605459ba074f4f4_3608XXXXXXXX57_13_12_2017.json.tmp'
model=gt prompt=GT_PROMPT(unchanged) n=281 todo=84 par=1 out=/Users/mayanck.bihani/Savesage/bank_eval/hdfc/gt_full
1/84 DRIVER_EXCEPTION decrypt_696437562_16874c1fa126323d_4893XXXXXXXXXX15_18_01_2019 OSError: [Errno 28] No space left on device: '/Users/mayanck.bihani/Savesage/bank_eval/hdfc/gt_full/json/decrypt_696437562_16874c1fa126323d_4893XXXXXXXXXX15_18_01_2019.json.tmp'
2/84 DRIVER_EXCEPTION decrypt_697704434_1605459ba074f4f4_3608XXXXXXXX57_13_12_2017 OSError: [Errno 28] No space left on device: '/Users/mayanck.bihani/Savesage/bank_eval/hdfc/gt_full/json/decrypt_697704434_1605459ba074f4f4_3608XXXXXXXX57_13_12_2017.json.tmp'
3/84 DRIVER_EXCEPTION decrypt_700917438_19f66288330d9666_4854XXXXXXXXXX11_14_07_2026_888 OSError: [Errno 28] No space left on device: '/Users/mayanck.bihani/Savesage/bank_eval/hdfc/gt_full/json/decrypt_700917438_19f66288330d9666_4854XXXXXXXXXX11_14_07_2026_888.json.tmp'
4/84 DRIVER_EXCEPTION decrypt_701635727_19c7fcdf59651874_5268XXXXXXXXXX45_20_02_2026_418 OSError: [Errno 28] No space left on device: '/Users/mayanck.bihani/Savesage/bank_eval/hdfc/gt_full/json/decrypt_701635727_19c7fcdf59651874_5268XXXXXXXXXX45_20_02_2026_418.json.tmp'
model=gt prompt=GT_PROMPT(unchanged) n=281 todo=84 par=1 out=/Users/mayanck.bihani/Savesage/bank_eval/hdfc/gt_full
1/84 [12s] OK fr=stop txn=1 att=1 rl=0 lat=12678ms in=10444 out=614 decrypt_696437562_16874c1fa126323d_4893XXXXXXXXXX15_
2/84 [22s] OK fr=stop txn=1 att=1 rl=0 lat=9821ms in=9556 out=613 decrypt_697704434_1605459ba074f4f4_3608XXXXXXXX57_13
3/84 [41s] OK fr=stop txn=9 att=1 rl=0 lat=19212ms in=13340 out=1518 decrypt_700917438_19f66288330d9666_4854XXXXXXXXXX11_
4/84 [59s] OK fr=stop txn=10 att=1 rl=0 lat=17641ms in=10974 out=1496 decrypt_701635727_19c7fcdf59651874_5268XXXXXXXXXX45_
5/84 [187s] OK fr=stop txn=87 att=1 rl=0 lat=127825ms in=17905 out=8825 decrypt_705330814_19c81ac46a73163b_0036XXXXXXXXXX87_
6/84 DRIVER_EXCEPTION decrypt_712741047_19f69e8c6f013401_4375XXXXXXXXXX30_15_07_2026_50 OSError: [Errno 28] No space left on device: '/Users/mayanck.bihani/Savesage/bank_eval/hdfc/gt_full/json/decrypt_712741047_19f69e8c6f013401_4375XXXXXXXXXX30_15_07_2026_50.json.tmp'
7/84 DRIVER_EXCEPTION decrypt_714435507_18020c671cbd0608_5181XXXXXXXXXX47_12_04_2022 OSError: [Errno 28] No space left on device: '/Users/mayanck.bihani/Savesage/bank_eval/hdfc/gt_full/json/decrypt_714435507_18020c671cbd0608_5181XXXXXXXXXX47_12_04_2022.json.tmp'
8/84 DRIVER_EXCEPTION decrypt_720409566_19f6b9956887df92_5268XXXXXXXXXX00_15_07_2026_85 OSError: [Errno 28] No space left on device: '/Users/mayanck.bihani/Savesage/bank_eval/hdfc/gt_full/json/decrypt_720409566_19f6b9956887df92_5268XXXXXXXXXX00_15_07_2026_85.json.tmp'
9/84 DRIVER_EXCEPTION decrypt_727216779_191b0f9005a2fa0c_6529XXXXXXXXXX10_01_09_2024 OSError: [Errno 28] No space left on device: '/Users/mayanck.bihani/Savesage/bank_eval/hdfc/gt_full/json/decrypt_727216779_191b0f9005a2fa0c_6529XXXXXXXXXX10_01_09_2024.json.tmp'
Traceback (most recent call last):
  File "/Users/mayanck.bihani/Savesage/bank_eval/hdfc/run_hdfc.py", line 65, in main
    r = fut.result()
  File "/Library/Frameworks/Python.framework/Versions/3.14/lib/python3.14/concurrent/futures/_base.py", line 443, in result
    return self.__get_result()
           ~~~~~~~~~~~~~~~~~^^
  File "/Library/Frameworks/Python.framework/Versions/3.14/lib/python3.14/concurrent/futures/_base.py", line 395, in __get_result
    raise self._exception
  File "/Library/Frameworks/Python.framework/Versions/3.14/lib/python3.14/concurrent/futures/thread.py", line 86, in run
    result = ctx.run(self.task)
  File "/Library/Frameworks/Python.framework/Versions/3.14/lib/python3.14/concurrent/futures/thread.py", line 73, in run
    return fn(*args, **kwargs)
  File "/Users/mayanck.bihani/Savesage/bank_eval/hdfc/hdfc_lib.py", line 300, in run_one
    G.atomic_write_json(dest, rec, indent=1, sort_keys=True)
    ~~~~~~~~~~~~~~~~~~~^^^^^^^^^^^^^^^^^^^^^^^^^^^^^^^^^^^^^
  File "/Users/mayanck.bihani/Savesage/apev-wt-gt298/groundtruth298/gt298_lib.py", line 487, in atomic_write_json
    with open(tmp, "w") as f:
         ~~~~^^^^^^^^^^
OSError: [Errno 28] No space left on device: '/Users/mayanck.bihani/Savesage/bank_eval/hdfc/gt_full/json/decrypt_733882350_19f6fb2f9c230bf0_5181XXXXXXXXXX45_16_07_2026_823.json.tmp'

During handling of the above exception, another exception occurred:

Traceback (most recent call last):
  File "/Users/mayanck.bihani/Savesage/bank_eval/hdfc/run_hdfc.py", line 82, in <module>
    main()
    ~~~~^^
  File "/Users/mayanck.bihani/Savesage/bank_eval/hdfc/run_hdfc.py", line 68, in main
    print(f"{done}/{len(todo)} DRIVER_EXCEPTION {sid} {type(e).__name__}: {e}",
    ~~~~~^^^^^^^^^^^^^^^^^^^^^^^^^^^^^^^^^^^^^^^^^^^^^^^^^^^^^^^^^^^^^^^^^^^^^^
          flush=True)
          ^^^^^^^^^^^
OSError: [Errno 28] No space left on device
