model=luna prompt=hdfc n=281 todo=281 par=1 out=/Users/mayanck.bihani/Savesage/bank_eval/hdfc/phase3_refined
prompt_sha256=6cc57f692859c4453d918ed3a91cc02e5c4cc67eb08dd3dca17161b9b4524512 chars=17298
1/281 [19s] OK fr=stop txn=18 att=1 rl=0 lat=19514ms in=9335 out=1746 decrypt_1000001429_19ee635e6b5ca8dd_5268XXXXXXXXXX79
2/281 [39s] OK fr=stop txn=1 att=1 rl=0 lat=19826ms in=8138 out=613 decrypt_1003374647_19fc281339f200fd_4023XXXXXXXXXX68
3/281 [57s] OK fr=stop txn=16 att=1 rl=0 lat=17823ms in=9463 out=2037 decrypt_1004976115_19f6b241ed96e20c_4854XXXXXXXXXX52
4/281 [81s] OK fr=stop txn=46 att=1 rl=0 lat=23868ms in=11145 out=3073 decrypt_1006624221_19fc3990d36fe58b_6529XXXXXXXXXX03
5/281 [106s] OK fr=stop txn=27 att=1 rl=0 lat=25563ms in=9776 out=2139 decrypt_1007138360_19fc36498a4f10f1_6529XXXXXXXXXX47
6/281 [129s] OK fr=stop txn=14 att=1 rl=0 lat=23052ms in=9654 out=1851 decrypt_1007259461_19fc3e489eef7576_4022XXXXXXXXXX57
7/281 [152s] OK fr=stop txn=28 att=1 rl=0 lat=23223ms in=9828 out=2286 decrypt_1007633548_19fc42a54b364a79_6529XXXXXXXXXX00
8/281 [172s] OK fr=stop txn=16 att=1 rl=0 lat=19736ms in=9265 out=1991 decrypt_1008041836_19fc4891bda81a19_5268XXXXXXXXXX35
9/281 [193s] OK fr=stop txn=24 att=1 rl=0 lat=20475ms in=9694 out=2089 decrypt_1028274832_19fcb3b4c55f8f3b_4854XXXXXXXXXX53
10/281 [207s] OK fr=stop txn=7 att=1 rl=0 lat=14417ms in=7820 out=822 decrypt_1036474356_19d010a851c47e93_5268XXXXXXXXXX21
11/281 [222s] OK fr=stop txn=2 att=1 rl=0 lat=15103ms in=8119 out=772 decrypt_10378_20260601_114107_124_0036XXXXXXXXXX48_1
12/281 [282s] OK fr=stop txn=22 att=1 rl=0 lat=60333ms in=9419 out=1894 decrypt_1040137277_19f801df085c71aa_5268XXXXXXXXXX62
13/281 [332s] OK fr=stop txn=9 att=1 rl=0 lat=49649ms in=9125 out=1231 decrypt_1044835578_19fd065a0d5b8c16_5459XXXXXXXXXX45
14/281 [364s] OK fr=stop txn=4 att=1 rl=0 lat=32267ms in=8934 out=919 decrypt_1054010601_19d8c1db709e8d79_4854XXXXXXXXXX08
15/281 [16224s] OK fr=stop txn=33 att=9 rl=0 lat=15859685ms in=9427 out=2115 decrypt_1058554327_19d0ba865d1d632d_6530XXXXXXXXXX02
16/281 [16234s] OK fr=stop txn=1 att=1 rl=0 lat=9851ms in=7890 out=545 decrypt_1059505310_19d0c22a22df17a0_0036XXXXXXXXXX46
17/281 [16244s] OK fr=stop txn=3 att=1 rl=0 lat=9888ms in=7797 out=741 decrypt_1074100658_1653e0aaad0d61d3_4854XXXXXXXXXX08
18/281 [16256s] OK fr=stop txn=5 att=1 rl=0 lat=11706ms in=9000 out=896 decrypt_1077681910_19f6bb004730168a_5372XXXXXXXXXX33
19/281 [16270s] OK fr=stop txn=19 att=1 rl=0 lat=14492ms in=9540 out=1484 decrypt_1084375771_19d19ede9671b70a_6529XXXXXXXXXX26
20/281 [16282s] OK fr=stop txn=4 att=1 rl=0 lat=12383ms in=7794 out=879 decrypt_1107520367_1891653fbf53cfe2_6529XXXXXXXXXX25
21/281 [16308s] OK fr=stop txn=26 att=1 rl=0 lat=25230ms in=10460 out=2943 decrypt_114699874_17f51f3a6aee34f5_4375XXXXXXXXXX29_
22/281 [16318s] OK fr=stop txn=2 att=1 rl=0 lat=10445ms in=8962 out=582 decrypt_116363825_19333ecb46bf64b8_4695XXXXXXXXXX19_
23/281 [16336s] OK fr=stop txn=9 att=1 rl=0 lat=17723ms in=9171 out=1524 decrypt_1194682871_19d500f0083bb8a3_4022XXXXXXXXXX34
24/281 [16347s] OK fr=stop txn=1 att=1 rl=0 lat=11196ms in=6701 out=809 decrypt_1196489569_19d518a09371644e_HDFC_Bank_Pixel_
25/281 [16370s] OK fr=stop txn=45 att=1 rl=0 lat=23255ms in=10997 out=3080 decrypt_1200743427_19c7baa31fef379c_0036XXXXXXXXXX16
26/281 [16383s] OK fr=stop txn=5 att=1 rl=0 lat=12653ms in=9129 out=978 decrypt_120076208_192133d7913277bc_4854XXXXXXXXXX10_
27/281 [16398s] OK fr=stop txn=12 att=1 rl=0 lat=15103ms in=9157 out=1393 decrypt_120194211_1917412aeee5e459_4577XXXXXXXXXX72_
28/281 [16429s] OK fr=stop txn=40 att=1 rl=0 lat=30621ms in=11378 out=3441 decrypt_1297815983_19d85bca1c5980f8_4639XXXXXXXXXX65
29/281 [16444s] OK fr=stop txn=12 att=1 rl=0 lat=15581ms in=8154 out=1222 decrypt_1301751572_19d87037e5152550_5268XXXXXXXXXX57
30/281 [16462s] OK fr=stop txn=13 att=1 rl=0 lat=17930ms in=9070 out=1567 decrypt_1313134750_19d8cb2e361d4053_5268XXXXXXXXXX66
31/281 [16478s] OK fr=stop txn=5 att=1 rl=0 lat=15643ms in=8921 out=1415 decrypt_1314262250_19d8d7f063feebb5_6530XXXXXXXXXX46
32/281 [16498s] OK fr=stop txn=22 att=1 rl=0 lat=19713ms in=9622 out=2404 decrypt_1321299796_19d910697db4ced0_5522XXXXXXXXXX29
33/281 [16512s] OK fr=stop txn=14 att=1 rl=0 lat=14239ms in=9517 out=1563 decrypt_1321692961_19d912a5cd24c79d_4341XXXXXXXXXX85
34/281 [16521s] OK fr=stop txn=3 att=1 rl=0 lat=9617ms in=8145 out=852 decrypt_1331350479_19d95f6ab8e53ba3_0036XXXXXXXXXX85
35/281 [16535s] OK fr=stop txn=20 att=1 rl=0 lat=13712ms in=9238 out=1751 decrypt_1333936388_19d96f2774f958fb_5268XXXXXXXXXX36
36/281 [16548s] OK fr=stop txn=11 att=1 rl=0 lat=13108ms in=8946 out=1301 decrypt_1334151138_19d971090ec8b56e_5372XXXXXXXXXX25
37/281 [16567s] OK fr=stop txn=11 att=1 rl=0 lat=18778ms in=9161 out=1652 decrypt_1341280270_19d9adc027f30ffe_4375XXXXXXXXXX17
38/281 [16583s] OK fr=stop txn=24 att=1 rl=0 lat=15695ms in=9381 out=1895 decrypt_1353742935_19da0d215be432fa_5268XXXXXXXXXX85
39/281 [16605s] OK fr=stop txn=28 att=1 rl=0 lat=22719ms in=9637 out=2842 decrypt_1359787929_19da4b87600e475b_5522XXXXXXXXXX82
40/281 [16627s] OK fr=stop txn=29 att=1 rl=0 lat=21138ms in=9582 out=2433 decrypt_136953445_16fbdd67f1b70caf_4639XXXXXXXXXX90_
41/281 [16640s] OK fr=stop txn=6 att=1 rl=0 lat=13156ms in=8000 out=1071 decrypt_1374016344_19dabf4c67deed86_5268XXXXXXXXXX37
42/281 [16651s] OK fr=stop txn=5 att=1 rl=0 lat=11521ms in=7918 out=992 decrypt_1401418909_19db986fc102034b_6530XXXXXXXXXX31
43/281 [16665s] OK fr=stop txn=7 att=1 rl=0 lat=13277ms in=9024 out=1305 decrypt_1403225883_19dba173e44c8703_4341XXXXXXXXXX03
44/281 [16685s] OK fr=stop txn=28 att=1 rl=0 lat=19947ms in=8372 out=2586 decrypt_1441449813_19dcd38044e15988_HDFC_Bank_Pixel_
45/281 [16701s] OK fr=stop txn=15 att=1 rl=0 lat=16277ms in=10442 out=1725 decrypt_1451112003_194d892a4b75a471_5523XXXXXXXXXX23
46/281 [16723s] OK fr=stop txn=9 att=1 rl=0 lat=22582ms in=8004 out=2243 decrypt_1464499215_185c806bd5dcf43e_3610XXXXXXXX53_1
47/281 [16732s] OK fr=stop txn=5 att=1 rl=0 lat=9000ms in=7807 out=757 decrypt_1465138691_193dd7aa700acdda_4341XXXXXXXXXX17
48/281 [16748s] OK fr=stop txn=7 att=1 rl=0 lat=15196ms in=8097 out=1243 decrypt_1467094437_19dd7998cbedc24a_4375XXXXXXXXXX20
49/281 [16764s] OK fr=stop txn=22 att=1 rl=0 lat=16681ms in=9497 out=1763 decrypt_1521401884_19dec495bdd965f3_6529XXXXXXXXXX15
50/281 [16776s] OK fr=stop txn=7 att=1 rl=0 lat=11996ms in=8060 out=972 decrypt_1524961207_187ee1b371fde3b6_4572XXXXXXXXXX18
51/281 [16788s] OK fr=stop txn=3 att=1 rl=0 lat=11884ms in=9034 out=924 decrypt_1528160396_1946da3ddc437dcd_4639XXXXXXXXXX80
52/281 [16799s] OK fr=stop txn=3 att=1 rl=0 lat=11176ms in=8969 out=862 decrypt_1542545787_1901b0152ba4153d_5523XXXXXXXXXX64
53/281 [16815s] OK fr=stop txn=19 att=1 rl=0 lat=15584ms in=10258 out=1838 decrypt_1556153826_18f7add37fa12fa8_4572XXXXXXXXXX20
54/281 [16830s] OK fr=stop txn=1 att=1 rl=0 lat=15229ms in=7657 out=1043 decrypt_1573279512_19cf6b37a93a3ad5_5372XXXXXXXXXX59
55/281 [16846s] OK fr=stop txn=13 att=1 rl=0 lat=15957ms in=10261 out=1541 decrypt_1606778285_1903a32e8e557cf9_4695XXXXXXXXXX11
56/281 [16855s] OK fr=stop txn=1 att=1 rl=0 lat=9221ms in=7859 out=575 decrypt_1613196399_19e115ebf050b4da_0036XXXXXXXXXX41
57/281 [16864s] OK fr=stop txn=2 att=1 rl=0 lat=9103ms in=7904 out=586 decrypt_1625148322_19d0f4d77b67ab50_5589XXXXXXXXXX46
58/281 [16890s] OK fr=stop txn=39 att=1 rl=0 lat=25843ms in=9806 out=3192 decrypt_1634437866_19869831b97f1b78_6529XXXXXXXXXX20
59/281 [16913s] OK fr=stop txn=55 att=1 rl=0 lat=22831ms in=11680 out=3805 decrypt_1646097445_195a7d487d03bd1f_4854XXXXXXXXXX63
60/281 [16933s] OK fr=stop txn=40 att=1 rl=0 lat=19442ms in=9773 out=2668 decrypt_164729740_197328c02051ed35_6529XXXXXXXXXX85_
61/281 [16945s] OK fr=stop txn=5 att=1 rl=0 lat=12169ms in=9495 out=990 decrypt_1659601881_1920442f62ab7481_4577XXXXXXXXXX40
62/281 [16957s] OK fr=stop txn=9 att=1 rl=0 lat=12126ms in=9421 out=1117 decrypt_1663560885_192a2eaea42795f8_6530XXXXXXXXXX61
63/281 [16979s] OK fr=stop txn=43 att=1 rl=0 lat=21940ms in=9910 out=2987 decrypt_1667800365_19e263589509ee3e_5268XXXXXXXXXX82
64/281 [16993s] OK fr=stop txn=7 att=1 rl=0 lat=13639ms in=8193 out=1230 decrypt_1672398864_19e287a1382163d9_6530XXXXXXXXXX53
65/281 [17015s] OK fr=stop txn=44 att=1 rl=0 lat=22105ms in=12070 out=3807 decrypt_1678401256_19aa6bdd1e9f899e_5522XXXXXXXXXX40
66/281 [17037s] OK fr=stop txn=30 att=1 rl=0 lat=22157ms in=9378 out=2738 decrypt_1689546515_1915bf471a63600e_5416XXXXXXXXXX24
67/281 [17055s] OK fr=stop txn=8 att=1 rl=0 lat=18126ms in=8119 out=1995 decrypt_1692580129_198b2f7f14973fe3_3610XXXXXXXX43_1
68/281 [17091s] OK fr=stop txn=69 att=1 rl=0 lat=36264ms in=10478 out=4508 decrypt_1704058880_19e34a13a2a199e7_3608XXXXXXXX84_1
69/281 [17108s] OK fr=stop txn=4 att=1 rl=0 lat=16362ms in=8230 out=1268 decrypt_1705107163_19d4e13fd1c965fe_4023XXXXXXXXXX18
70/281 [17129s] OK fr=stop txn=19 att=1 rl=0 lat=21247ms in=9548 out=2195 decrypt_170594703_19daf0e13991add5_5523XXXXXXXXXX09_
71/281 [17140s] OK fr=stop txn=7 att=1 rl=0 lat=11359ms in=9039 out=969 decrypt_1706662991_19e357806f433b00_5228XXXXXXXXXX75
72/281 [17149s] OK fr=stop txn=0 att=1 rl=0 lat=8455ms in=6637 out=449 decrypt_1711281532_1955a014a99b930b_HDFC_Bank_Pixel_
73/281 [17164s] OK fr=stop txn=21 att=1 rl=0 lat=15610ms in=10234 out=1806 decrypt_1713720351_17cb1deb26e31095_4375XXXXXXXXXX55
74/281 [17193s] OK fr=stop txn=23 att=1 rl=0 lat=29093ms in=9413 out=3489 decrypt_1723515293_19e3b5338033e3ad_5268XXXXXXXXXX05
75/281 [17205s] OK fr=stop txn=4 att=1 rl=0 lat=11543ms in=7982 out=896 decrypt_172459778_19e2ac18500eafff_5372XXXXXXXXXX51_
76/281 [17229s] OK fr=stop txn=37 att=1 rl=0 lat=24129ms in=10980 out=2811 decrypt_1732499368_19e3f2a26405c8a5_6529XXXXXXXXXX44
77/281 [17240s] OK fr=stop txn=5 att=1 rl=0 lat=11077ms in=8295 out=911 decrypt_1741072173_18847013d7b49f4d_4577XXXXXXXXXX35
78/281 [17251s] OK fr=stop txn=2 att=1 rl=0 lat=10483ms in=7795 out=685 decrypt_1741303904_19943aee1836e5e9_5268XXXXXXXXXX64
79/281 [17265s] OK fr=stop txn=14 att=1 rl=0 lat=14508ms in=9264 out=1468 decrypt_1756410838_199f656352543609_6529XXXXXXXXXX34
80/281 [17293s] OK fr=stop txn=51 att=1 rl=0 lat=27866ms in=11867 out=4006 decrypt_1766388459_19e4b512e626509d_4854XXXXXXXXXX66
81/281 [17305s] OK fr=stop txn=7 att=1 rl=0 lat=11770ms in=9277 out=1117 decrypt_1773404796_19472c5894e81843_4572XXXXXXXXXX04
82/281 [17316s] OK fr=stop txn=7 att=1 rl=0 lat=11045ms in=8028 out=1005 decrypt_178349759_193f7faf9ef8607f_4341XXXXXXXXXX28_
83/281 [17329s] OK fr=stop txn=5 att=1 rl=0 lat=12935ms in=7935 out=1014 decrypt_1786952495_19e5006262824c69_5268XXXXXXXXXX23
84/281 [17345s] OK fr=stop txn=10 att=1 rl=0 lat=16215ms in=9178 out=1631 decrypt_1787504092_19e5024075cbb6e1_5372XXXXXXXXXX18
85/281 [17353s] OK fr=stop txn=1 att=1 rl=0 lat=7954ms in=7616 out=475 decrypt_1793197687_19d9c608ef70fe41_5268XXXXXXXXXX75
86/281 [17370s] OK fr=stop txn=9 att=1 rl=0 lat=17474ms in=9148 out=1271 decrypt_182753160_19eba3b7d4b5095d_4893XXXXXXXXXX16_
87/281 [17380s] OK fr=stop txn=1 att=1 rl=0 lat=9870ms in=7812 out=665 decrypt_1849181159_19e5a2f840fda55c_0036XXXXXXXXXX64
88/281 [17391s] OK fr=stop txn=5 att=1 rl=0 lat=11145ms in=7987 out=869 decrypt_199385897_19a9850c20459241_0036XXXXXXXXXX77_
89/281 [17402s] OK fr=stop txn=6 att=1 rl=0 lat=10397ms in=7847 out=726 decrypt_2022481147_191646974f3e012b_6529XXXXXXXXXX32
90/281 [17411s] OK fr=stop txn=4 att=1 rl=0 lat=9588ms in=7764 out=700 decrypt_202798112_1958dff2702f2a35_5372XXXXXXXXXX60_
91/281 [17424s] OK fr=stop txn=11 att=1 rl=0 lat=13039ms in=8130 out=1209 decrypt_2038798665_1994d2c267cbd71c_5268XXXXXXXXXX23
92/281 [17443s] OK fr=stop txn=24 att=1 rl=0 lat=18531ms in=10526 out=2219 decrypt_2050509744_193d3164f9e1b9b7_4854XXXXXXXXXX47
93/281 [17467s] OK fr=stop txn=21 att=1 rl=0 lat=23500ms in=9812 out=2668 decrypt_2056820968_19e44b4d159aa50d_4632XXXXXXXXXX85
94/281 [17476s] OK fr=stop txn=4 att=1 rl=0 lat=9237ms in=8825 out=738 decrypt_208574457_18d76fc99a4de926_5522XXXXXXXXXX31_
95/281 [17488s] OK fr=stop txn=6 att=1 rl=0 lat=12567ms in=8979 out=1047 decrypt_2091160116_1914ad57be1723fd_4577XXXXXXXXXX12
96/281 [17501s] OK fr=stop txn=11 att=1 rl=0 lat=12414ms in=8070 out=1170 decrypt_2095121764_19943eacc6766b50_5268XXXXXXXXXX70
97/281 [17517s] OK fr=stop txn=14 att=1 rl=0 lat=16653ms in=8940 out=1743 decrypt_2095158197_18827e2ab7695e15_5459XXXXXXXXXX38
98/281 [17537s] OK fr=stop txn=20 att=1 rl=0 lat=19272ms in=11067 out=2116 decrypt_2096534660_1836357fd5f1878b_4572XXXXXXXXXX51
99/281 [17558s] OK fr=stop txn=24 att=1 rl=0 lat=21623ms in=9393 out=2360 decrypt_2167919244_19e2638ce48be46d_5268XXXXXXXXXX94
100/281 [17569s] OK fr=stop txn=1 att=1 rl=0 lat=10480ms in=7833 out=595 decrypt_221414905_19ec73baa0c1a27b_5181XXXXXXXXXX59_
101/281 [17586s] OK fr=stop txn=20 att=1 rl=0 lat=16777ms in=9444 out=1824 decrypt_221926359_19b1c715c58151ce_0036XXXXXXXXXX36_
102/281 [17598s] OK fr=stop txn=14 att=1 rl=0 lat=12128ms in=9069 out=1198 decrypt_222889854_19ec81da9a87ca26_6530XXXXXXXXXX21_
103/281 [17614s] OK fr=stop txn=10 att=1 rl=0 lat=16777ms in=9051 out=1644 decrypt_231745607_19ecafa6a679925f_4854XXXXXXXXXX47_
104/281 [17628s] OK fr=stop txn=6 att=1 rl=0 lat=13144ms in=8875 out=1062 decrypt_232783658_19ecb4313478fafa_6528XXXXXXXXXX47_
105/281 [17640s] OK fr=stop txn=10 att=1 rl=0 lat=12075ms in=8349 out=1211 decrypt_234377875_19aa18f320fbf128_5181XXXXXXXXXX50_
106/281 [17652s] OK fr=stop txn=4 att=1 rl=0 lat=11987ms in=8006 out=945 decrypt_236010497_19a8389425d08978_0036XXXXXXXXXX34_
107/281 [17664s] OK fr=stop txn=4 att=1 rl=0 lat=12554ms in=7973 out=913 decrypt_23704_20260710_022652_178_5523XXXXXXXXXX74_1
108/281 [17679s] OK fr=stop txn=2 att=1 rl=0 lat=14801ms in=7850 out=770 decrypt_239006153_19dba8679ff935eb_5268XXXXXXXXXX45_
109/281 [17694s] OK fr=stop txn=7 att=1 rl=0 lat=14681ms in=9059 out=1278 decrypt_250520458_19ed1704ae29ec29_0036XXXXXXXXXX25_
110/281 [17708s] OK fr=stop txn=8 att=1 rl=0 lat=13986ms in=8990 out=1087 decrypt_251015678_19ed1b000d295e7a_5268XXXXXXXXXX13_
111/281 [17720s] OK fr=stop txn=10 att=1 rl=0 lat=12507ms in=9010 out=1123 decrypt_252037730_19b242ecc42b1806_4854XXXXXXXXXX59_
112/281 [17744s] OK fr=stop txn=52 att=1 rl=0 lat=23646ms in=11736 out=3734 decrypt_252502266_19bc220c2d3c07ef_4341XXXXXXXXXX35_
113/281 [17759s] OK fr=stop txn=3 att=1 rl=0 lat=15212ms in=7955 out=1090 decrypt_254551018_19aa69887d57b017_5522XXXXXXXXXX17_
114/281 [17768s] OK fr=stop txn=1 att=1 rl=0 lat=8988ms in=7633 out=485 decrypt_262692645_19b314bc16c12e28_5268XXXXXXXXXX47_
115/281 [17804s] OK fr=stop txn=83 att=1 rl=0 lat=36074ms in=11835 out=4703 decrypt_263640292_19ed61be9868cec7_6530XXXXXXXXXX67_
116/281 [17819s] OK fr=stop txn=12 att=1 rl=0 lat=14385ms in=9243 out=1392 decrypt_267910014_19bb70d77c40e1bd_5181XXXXXXXXXX69_
117/281 [17841s] OK fr=stop txn=4 att=1 rl=0 lat=22311ms in=8216 out=1714 decrypt_285839648_19ede97eb758dce4_0036XXXXXXXXXX21_
118/281 [17860s] OK fr=stop txn=10 att=1 rl=0 lat=18690ms in=8207 out=1157 decrypt_285879906_19b1c8cf84649584_5268XXXXXXXXXX57_
119/281 [17883s] OK fr=stop txn=34 att=1 rl=0 lat=23263ms in=10829 out=2576 decrypt_286444143_190deee6125b29e2_3607XXXXXXXX97_22
120/281 [17906s] OK fr=stop txn=22 att=1 rl=0 lat=23032ms in=9646 out=2336 decrypt_289154370_19bbd3ad4206f61a_6529XXXXXXXXXX12_
121/281 [17925s] OK fr=stop txn=9 att=1 rl=0 lat=18876ms in=9156 out=1340 decrypt_294132372_19dbf9a45f273136_4854XXXXXXXXXX67_
122/281 [17941s] OK fr=stop txn=14 att=1 rl=0 lat=16639ms in=9163 out=1201 decrypt_305266_20260316_064257_290_5522XXXXXXXXXX58_
123/281 [17960s] OK fr=stop txn=34 att=1 rl=0 lat=18365ms in=9879 out=2591 decrypt_305724115_19bc7559248adec7_6529XXXXXXXXXX32_
124/281 [17973s] OK fr=stop txn=10 att=1 rl=0 lat=13345ms in=8204 out=1257 decrypt_308513115_19ee61900c3f9c9f_5268XXXXXXXXXX07_
125/281 [18010s] OK fr=stop txn=123 att=1 rl=0 lat=37211ms in=11171 out=6367 decrypt_310396339_19e30dcf27dc7f73_HDFC_Bank_Pixel_P
126/281 [18020s] OK fr=stop txn=1 att=1 rl=0 lat=9821ms in=7672 out=560 decrypt_311699439_19bcae68f8d3beb7_4577XXXXXXXXXX60_
127/281 [18039s] OK fr=stop txn=15 att=1 rl=0 lat=18579ms in=9266 out=1671 decrypt_311856914_19bcaf37125e7546_0036XXXXXXXXXX63_
128/281 [18052s] OK fr=stop txn=3 att=1 rl=0 lat=12796ms in=7869 out=866 decrypt_312035055_19bcafe4734d7f64_0036XXXXXXXXXX45_
129/281 [18079s] OK fr=stop txn=63 att=1 rl=0 lat=27582ms in=11159 out=3555 decrypt_313233022_19bcb5f4444cf98e_6530XXXXXXXXXX68_
130/281 [18110s] OK fr=stop txn=63 att=1 rl=0 lat=31114ms in=12114 out=4455 decrypt_321531061_19eeb6a697075c11_6528XXXXXXXXXX01_
131/281 [18129s] OK fr=stop txn=4 att=1 rl=0 lat=18418ms in=7991 out=1528 decrypt_322556407_19bbdbe49e068203_0036XXXXXXXXXX01_
132/281 [18160s] OK fr=stop txn=9 att=1 rl=0 lat=31233ms in=7666 out=3261 decrypt_325155919_19eeda02f0678695_HDFC_Bank_Pixel_P
133/281 [18171s] OK fr=stop txn=5 att=1 rl=0 lat=11017ms in=7942 out=970 decrypt_335420570_19ef0943125f08b5_4695XXXXXXXXXX16_
134/281 [18189s] OK fr=stop txn=17 att=1 rl=0 lat=17857ms in=10023 out=2017 decrypt_336089883_194914c4c670757d_5181XXXXXXXXXX11_
135/281 [18199s] OK fr=stop txn=1 att=1 rl=0 lat=10435ms in=6696 out=681 decrypt_338417038_199ebf7c1fc6b9e9_HDFC_Bank_Pixel_P
136/281 [18210s] OK fr=stop txn=4 att=1 rl=0 lat=10810ms in=8813 out=780 decrypt_348356766_19ef4eaa9ee1550d_5372XXXXXXXXXX50_
137/281 [18224s] OK fr=stop txn=10 att=1 rl=0 lat=13736ms in=9216 out=1247 decrypt_351009068_19bdbc0cb00ce71d_5522XXXXXXXXXX57_
138/281 [18238s] OK fr=stop txn=9 att=1 rl=0 lat=14017ms in=8170 out=1218 decrypt_361136650_19ef8cb9df3f2383_5268XXXXXXXXXX87_
139/281 [18252s] OK fr=stop txn=5 att=1 rl=0 lat=13953ms in=8095 out=1015 decrypt_368372182_19efa121b74f650d_5268XXXXXXXXXX87_
140/281 [18265s] OK fr=stop txn=12 att=1 rl=0 lat=13464ms in=8296 out=1496 decrypt_374154958_1962eef3658d643a_3610XXXXXXXX59_12
141/281 [18277s] OK fr=stop txn=5 att=1 rl=0 lat=12071ms in=7903 out=943 decrypt_376951286_19b4130f9ffb730a_6528XXXXXXXXXX69_
142/281 [18289s] OK fr=stop txn=2 att=1 rl=0 lat=11997ms in=7838 out=675 decrypt_378038910_19be9ff5c80e0b6a_6529XXXXXXXXXX59_
143/281 [18302s] OK fr=stop txn=11 att=1 rl=0 lat=13049ms in=8058 out=1273 decrypt_379442466_19e3093191b1086d_6530XXXXXXXXXX21_
144/281 [18314s] OK fr=stop txn=4 att=1 rl=0 lat=11244ms in=7824 out=725 decrypt_393753076_1996ca20b9b8d9a6_6529XXXXXXXXXX44_
145/281 [18324s] OK fr=stop txn=3 att=1 rl=0 lat=10301ms in=7463 out=628 decrypt_397852633_196c94d16af3f8fa_5268XXXXXXXXXX49_
146/281 [18339s] OK fr=stop txn=27 att=1 rl=0 lat=15000ms in=10868 out=1911 decrypt_427484127_193d8ea4d8afed14_6529XXXXXXXXXX55_
147/281 [18351s] OK fr=stop txn=7 att=1 rl=0 lat=12330ms in=9338 out=1016 decrypt_431852592_196dd6f02cdcec51_5522XXXXXXXXXX80_
148/281 [18363s] OK fr=stop txn=4 att=1 rl=0 lat=12135ms in=8068 out=915 decrypt_432234805_19f0c9613553eb8a_4854XXXXXXXXXX21_
149/281 [18376s] OK fr=stop txn=12 att=1 rl=0 lat=12475ms in=8324 out=1339 decrypt_432372787_19179a46074d653f_3610XXXXXXXX08_21
150/281 [18394s] OK fr=stop txn=10 att=1 rl=0 lat=17709ms in=9181 out=1166 decrypt_445919476_18c9047e55508705_6530XXXXXXXXXX62_
151/281 [18403s] OK fr=stop txn=1 att=1 rl=0 lat=9005ms in=7706 out=467 decrypt_461280412_1979bd477e618211_3610XXXXXXXX28_22
152/281 [18415s] OK fr=stop txn=6 att=1 rl=0 lat=12268ms in=7925 out=969 decrypt_483214570_19bdb02b350583a3_4632XXXXXXXXXX02_
153/281 [18427s] OK fr=stop txn=5 att=1 rl=0 lat=12167ms in=9007 out=907 decrypt_492951318_19c1f6c190bb2c5f_4022XXXXXXXXXX61_
154/281 [18442s] OK fr=stop txn=14 att=1 rl=0 lat=14836ms in=9405 out=1435 decrypt_493242314_19c1f9b31a3b65d3_6529XXXXXXXXXX48_
155/281 [18453s] OK fr=stop txn=6 att=1 rl=0 lat=10866ms in=9045 out=983 decrypt_493483361_19c1fc04cb476d1a_6529XXXXXXXXXX15_
156/281 [18484s] OK fr=stop txn=66 att=1 rl=0 lat=31510ms in=11704 out=4738 decrypt_493517787_19c1fc592bdf84d1_6529XXXXXXXXXX09_
157/281 [18496s] OK fr=stop txn=12 att=1 rl=0 lat=11220ms in=7562 out=1062 decrypt_495459059_19c21a6837aba7f2_HDFC_Bank_Pixel_P
158/281 [18509s] OK fr=stop txn=7 att=1 rl=0 lat=13232ms in=9037 out=1060 decrypt_507351700_19a831537f70658b_0036XXXXXXXXXX60_
159/281 [18529s] OK fr=stop txn=19 att=1 rl=0 lat=19922ms in=9913 out=1967 decrypt_507911219_19f24a35645ad306_6529XXXXXXXXXX99_
160/281 [18538s] OK fr=stop txn=6 att=1 rl=0 lat=9708ms in=7660 out=765 decrypt_509262959_157cc2cb8073b9d7_4893XXXXXXXXXX64_
161/281 [18551s] OK fr=stop txn=8 att=1 rl=0 lat=12510ms in=9018 out=1073 decrypt_510302_20260517_191432_394_5522XXXXXXXXXX21_
162/281 [18569s] OK fr=stop txn=50 att=1 rl=0 lat=18124ms in=9993 out=3022 decrypt_515648205_19be16f86ee0ec66_4341XXXXXXXXXX84_
163/281 [18581s] OK fr=stop txn=6 att=1 rl=0 lat=12319ms in=7466 out=1223 decrypt_515871803_19e30364c3b5ff14_HDFC_Bank_Pixel_P
164/281 [18602s] OK fr=stop txn=18 att=1 rl=0 lat=20545ms in=9458 out=2132 decrypt_535035_20260303_170644_670_4854XXXXXXXXXX50_
165/281 [18610s] OK fr=stop txn=5 att=1 rl=0 lat=8330ms in=7497 out=634 decrypt_540401494_197336c2d8bb2e2f_5268XXXXXXXXXX74_
166/281 [18621s] OK fr=stop txn=3 att=1 rl=0 lat=10994ms in=7618 out=732 decrypt_546768163_18efa9781a284705_6528XXXXXXXXXX40_
167/281 [18638s] OK fr=stop txn=12 att=1 rl=0 lat=16746ms in=8245 out=1512 decrypt_550354649_1977c9a0de33170b_6529XXXXXXXXXX56_
168/281 [18657s] OK fr=stop txn=12 att=1 rl=0 lat=18753ms in=9369 out=1832 decrypt_559393419_19c411193996347f_5522XXXXXXXXXX06_
169/281 [18677s] OK fr=stop txn=31 att=1 rl=0 lat=19896ms in=9458 out=2370 decrypt_567125239_198abd4b645b8fce_6530XXXXXXXXXX12_
170/281 [18684s] OK fr=stop txn=1 att=1 rl=0 lat=7149ms in=6175 out=457 decrypt_573116697_19802d9b06072951_4341XXXXXXXXXX41_
171/281 [18699s] OK fr=stop txn=17 att=1 rl=0 lat=15009ms in=9139 out=1525 decrypt_575573715_19ef9832d557af04_4466XXXXXXXXXX66_
172/281 [18713s] OK fr=stop txn=9 att=1 rl=0 lat=14478ms in=8975 out=1164 decrypt_577285331_1965bd1b2df6df69_4341XXXXXXXXXX75_
173/281 [18724s] OK fr=stop txn=4 att=1 rl=0 lat=10366ms in=8226 out=965 decrypt_585205550_19f40312bdcc41a5_0036XXXXXXXXXX03_
174/281 [18745s] OK fr=stop txn=28 att=1 rl=0 lat=21239ms in=9791 out=2833 decrypt_602636760_19c5086ecbb8c602_0036XXXXXXXXXX37_
175/281 [18756s] OK fr=stop txn=2 att=1 rl=0 lat=10692ms in=7803 out=663 decrypt_620274809_19b2e3d3623d5c32_4572XXXXXXXXXX25_
176/281 [18769s] OK fr=stop txn=4 att=1 rl=0 lat=13592ms in=7812 out=1018 decrypt_620637396_19c588fee796ca8c_6530XXXXXXXXXX59_
177/281 [18788s] OK fr=stop txn=21 att=1 rl=0 lat=19203ms in=9276 out=1745 decrypt_629227338_19c5cfb16d520142_5268XXXXXXXXXX41_
178/281 [18806s] OK fr=stop txn=17 att=1 rl=0 lat=17218ms in=9286 out=1712 decrypt_633611396_19be0e9c06e1e70b_0036XXXXXXXXXX95_
179/281 [18821s] OK fr=stop txn=10 att=1 rl=0 lat=15360ms in=8104 out=1399 decrypt_636530784_19c61b13b54e442d_4577XXXXXXXXXX41_
180/281 [18836s] OK fr=stop txn=16 att=1 rl=0 lat=14650ms in=9186 out=1366 decrypt_636812972_172e3b58b1489d3b_5459XXXXXXXXXX31_
181/281 [18854s] OK fr=stop txn=22 att=1 rl=0 lat=18522ms in=9653 out=2381 decrypt_637806286_19c62671548f8e2a_6530XXXXXXXXXX26_
182/281 [18869s] OK fr=stop txn=6 att=1 rl=0 lat=14891ms in=7918 out=1243 decrypt_637810891_19c62684f66b7377_5535XXXXXXXXXX22_
183/281 [18883s] OK fr=stop txn=8 att=1 rl=0 lat=13593ms in=9271 out=1313 decrypt_650272933_1920360173247fb0_4854XXXXXXXXXX10_
184/281 [18906s] OK fr=stop txn=37 att=1 rl=0 lat=23800ms in=10484 out=3472 decrypt_657449850_19b312f9ad5b3d88_4854XXXXXXXXXX63_
185/281 [18930s] OK fr=stop txn=7 att=1 rl=0 lat=23807ms in=7999 out=2309 decrypt_657988166_19c6c0ea0f0b3e3d_4572XXXXXXXXXX16_
186/281 [18945s] OK fr=stop txn=8 att=1 rl=0 lat=14279ms in=9226 out=1270 decrypt_660732666_19b7e6ca59b45a81_4023XXXXXXXXXX80_
187/281 [18958s] OK fr=stop txn=4 att=1 rl=0 lat=12979ms in=9034 out=759 decrypt_666281181_19c7041eede6207f_6529XXXXXXXXXX75_
188/281 [18988s] OK fr=stop txn=29 att=1 rl=0 lat=30841ms in=9542 out=3749 decrypt_668879557_19c7118d7ecb7a25_5268XXXXXXXXXX41_
189/281 [19002s] OK fr=stop txn=8 att=1 rl=0 lat=13874ms in=7888 out=1098 decrypt_671625399_196e1bf4b524ab75_4341XXXXXXXXXX49_
190/281 [19014s] OK fr=stop txn=3 att=1 rl=0 lat=11508ms in=7714 out=850 decrypt_671734452_19593d58d7dbfb8f_6529XXXXXXXXXX64_
191/281 [19031s] OK fr=stop txn=5 att=1 rl=0 lat=17086ms in=8148 out=1169 decrypt_674130886_197ca4725b75084b_4022XXXXXXXXXX24_
192/281 [19043s] OK fr=stop txn=4 att=1 rl=0 lat=12202ms in=8906 out=987 decrypt_675273289_19c749d831374011_4572XXXXXXXXXX68_
193/281 [19056s] OK fr=stop txn=6 att=1 rl=0 lat=12482ms in=8046 out=863 decrypt_676212835_19c74ddbd50d006e_5522XXXXXXXXXX15_
194/281 [19076s] OK fr=stop txn=21 att=1 rl=0 lat=19776ms in=9609 out=1942 decrypt_683101450_19b68a557fce7249_6529XXXXXXXXXX87_
195/281 DRIVER_EXCEPTION decrypt_693665665_19f612e5b9fb7870_6528XXXXXXXXXX94_13_07_2026_520 OSError: [Errno 28] No space left on device: '/Users/mayanck.bihani/Savesage/bank_eval/hdfc/phase3_refined/json/decrypt_693665665_19f612e5b9fb7870_6528XXXXXXXXXX94_13_07_2026_520.json.tmp'
196/281 DRIVER_EXCEPTION decrypt_694712666_19a91d611ddb6084_4854XXXXXXXXXX08_16_11_2025_640 OSError: [Errno 28] No space left on device: '/Users/mayanck.bihani/Savesage/bank_eval/hdfc/phase3_refined/json/decrypt_694712666_19a91d611ddb6084_4854XXXXXXXXXX08_16_11_2025_640.json.tmp'
model=luna prompt=hdfc n=281 todo=87 par=1 out=/Users/mayanck.bihani/Savesage/bank_eval/hdfc/phase3_refined
prompt_sha256=6cc57f692859c4453d918ed3a91cc02e5c4cc67eb08dd3dca17161b9b4524512 chars=17298
1/87 DRIVER_EXCEPTION decrypt_693665665_19f612e5b9fb7870_6528XXXXXXXXXX94_13_07_2026_520 OSError: [Errno 28] No space left on device: '/Users/mayanck.bihani/Savesage/bank_eval/hdfc/phase3_refined/json/decrypt_693665665_19f612e5b9fb7870_6528XXXXXXXXXX94_13_07_2026_520.json.tmp'
2/87 DRIVER_EXCEPTION decrypt_694712666_19a91d611ddb6084_4854XXXXXXXXXX08_16_11_2025_640 OSError: [Errno 28] No space left on device: '/Users/mayanck.bihani/Savesage/bank_eval/hdfc/phase3_refined/json/decrypt_694712666_19a91d611ddb6084_4854XXXXXXXXXX08_16_11_2025_640.json.tmp'
3/87 DRIVER_EXCEPTION decrypt_694767615_19c7c50e752d1d23_5268XXXXXXXXXX65_19_02_2026_975 OSError: [Errno 28] No space left on device: '/Users/mayanck.bihani/Savesage/bank_eval/hdfc/phase3_refined/json/decrypt_694767615_19c7c50e752d1d23_5268XXXXXXXXXX65_19_02_2026_975.json.tmp'
4/87 DRIVER_EXCEPTION decrypt_696437562_16874c1fa126323d_4893XXXXXXXXXX15_18_01_2019 OSError: [Errno 28] No space left on device: '/Users/mayanck.bihani/Savesage/bank_eval/hdfc/phase3_refined/json/decrypt_696437562_16874c1fa126323d_4893XXXXXXXXXX15_18_01_2019.json.tmp'
5/87 DRIVER_EXCEPTION decrypt_697704434_1605459ba074f4f4_3608XXXXXXXX57_13_12_2017 OSError: [Errno 28] No space left on device: '/Users/mayanck.bihani/Savesage/bank_eval/hdfc/phase3_refined/json/decrypt_697704434_1605459ba074f4f4_3608XXXXXXXX57_13_12_2017.json.tmp'
6/87 [87s] OK fr=stop txn=9 att=1 rl=0 lat=15864ms in=9388 out=1473 decrypt_700917438_19f66288330d9666_4854XXXXXXXXXX11_
7/87 [105s] OK fr=stop txn=10 att=1 rl=0 lat=18267ms in=8142 out=1759 decrypt_701635727_19c7fcdf59651874_5268XXXXXXXXXX45_
/bin/bash: line 12: setsid: command not found
model=luna prompt=hdfc n=281 todo=85 par=1 out=/Users/mayanck.bihani/Savesage/bank_eval/hdfc/phase3_refined
prompt_sha256=6cc57f692859c4453d918ed3a91cc02e5c4cc67eb08dd3dca17161b9b4524512 chars=17298
1/85 [24s] OK fr=stop txn=44 att=1 rl=0 lat=24463ms in=9938 out=3074 decrypt_693665665_19f612e5b9fb7870_6528XXXXXXXXXX94_
2/85 [39s] OK fr=stop txn=9 att=1 rl=0 lat=14612ms in=9060 out=1228 decrypt_694712666_19a91d611ddb6084_4854XXXXXXXXXX08_
3/85 [52s] OK fr=stop txn=7 att=1 rl=0 lat=13544ms in=8037 out=1057 decrypt_694767615_19c7c50e752d1d23_5268XXXXXXXXXX65_
4/85 [61s] OK fr=stop txn=1 att=1 rl=0 lat=8574ms in=7813 out=412 decrypt_696437562_16874c1fa126323d_4893XXXXXXXXXX15_
5/85 [71s] OK fr=stop txn=1 att=1 rl=0 lat=9822ms in=7277 out=486 decrypt_697704434_1605459ba074f4f4_3608XXXXXXXX57_13
6/85 [107s] OK fr=stop txn=87 att=1 rl=0 lat=36673ms in=12307 out=5179 decrypt_705330814_19c81ac46a73163b_0036XXXXXXXXXX87_
7/85 [132s] OK fr=stop txn=48 att=1 rl=0 lat=24308ms in=11436 out=3099 decrypt_712741047_19f69e8c6f013401_4375XXXXXXXXXX30_
8/85 [146s] OK fr=stop txn=13 att=1 rl=0 lat=14814ms in=8022 out=1386 decrypt_714435507_18020c671cbd0608_5181XXXXXXXXXX47_
9/85 [162s] OK fr=stop txn=15 att=1 rl=0 lat=15279ms in=9194 out=1377 decrypt_720409566_19f6b9956887df92_5268XXXXXXXXXX00_
10/85 [177s] OK fr=stop txn=11 att=1 rl=0 lat=15282ms in=8138 out=1296 decrypt_727216779_191b0f9005a2fa0c_6529XXXXXXXXXX10_
11/85 [187s] OK fr=stop txn=3 att=1 rl=0 lat=10209ms in=8060 out=767 decrypt_733882350_19f6fb2f9c230bf0_5181XXXXXXXXXX45_
12/85 [207s] OK fr=stop txn=35 att=1 rl=0 lat=20079ms in=9915 out=2456 decrypt_735554704_19b5f94aa44a636b_0036XXXXXXXXXX62_
13/85 [224s] OK fr=stop txn=13 att=1 rl=0 lat=16566ms in=9176 out=1455 decrypt_736172429_19f703e9ac069a71_5268XXXXXXXXXX24_
14/85 [238s] OK fr=stop txn=15 att=1 rl=0 lat=13969ms in=9102 out=1342 decrypt_737042969_19f70798b47cdac2_4695XXXXXXXXXX64_
15/85 [249s] OK fr=stop txn=6 att=1 rl=0 lat=11153ms in=7865 out=873 decrypt_738075871_19c90671c1d59320_4632XXXXXXXXXX28_
16/85 [285s] OK fr=stop txn=109 att=1 rl=0 lat=35717ms in=13200 out=5895 decrypt_738368244_19f70d2e2c77ebd5_6530XXXXXXXXXX38_
17/85 [304s] OK fr=stop txn=33 att=1 rl=0 lat=19512ms in=10403 out=2576 decrypt_744112621_19ee544405e98ee2_5522XXXXXXXXXX67_
18/85 [326s] OK fr=stop txn=41 att=1 rl=0 lat=21860ms in=9812 out=2875 decrypt_748830705_19f746d5f8c1e245_6530XXXXXXXXXX13_
19/85 [348s] OK fr=stop txn=26 att=1 rl=0 lat=22380ms in=9364 out=2497 decrypt_751392624_1929e0aa9d7c0802_3610XXXXXXXX49_17
20/85 [366s] OK fr=stop txn=14 att=1 rl=0 lat=17516ms in=9338 out=1682 decrypt_751743690_19f751d506bb46f5_5181XXXXXXXXXX28_
21/85 [375s] OK fr=stop txn=3 att=1 rl=0 lat=9052ms in=8773 out=653 decrypt_752019514_19503b28ea359c39_4577XXXXXXXXXX16_
22/85 [395s] OK fr=stop txn=10 att=1 rl=0 lat=19802ms in=9265 out=1820 decrypt_752397426_193397c12b4550ee_4572XXXXXXXXXX36_
23/85 [414s] OK fr=stop txn=29 att=1 rl=0 lat=18754ms in=12402 out=2553 decrypt_755819937_1981c38b158fb1f6_5535XXXXXXXXXX89_
24/85 [428s] OK fr=stop txn=13 att=1 rl=0 lat=14335ms in=9322 out=1567 decrypt_759540379_19656ca4ca122c4b_3607XXXXXXXX13_20
25/85 [450s] OK fr=stop txn=40 att=1 rl=0 lat=21765ms in=9865 out=2871 decrypt_759994946_197328e5d194f37b_6529XXXXXXXXXX74_
26/85 [465s] OK fr=stop txn=9 att=1 rl=0 lat=14994ms in=7920 out=1293 decrypt_762967714_1978c346fecbfa9b_3608XXXXXXXX92_19
27/85 [476s] OK fr=stop txn=6 att=1 rl=0 lat=11547ms in=8142 out=1067 decrypt_764285844_19f79396e035c3a7_5523XXXXXXXXXX21_
28/85 [487s] OK fr=stop txn=7 att=1 rl=0 lat=11180ms in=9157 out=1159 decrypt_764993765_1901617f571e6950_4854XXXXXXXXXX85_
29/85 [508s] OK fr=stop txn=15 att=1 rl=0 lat=20566ms in=9547 out=2290 decrypt_765966961_19f79a30fa0bc0df_0036XXXXXXXXXX41_
30/85 [532s] OK fr=stop txn=29 att=1 rl=0 lat=23997ms in=11465 out=3143 decrypt_773628195_196c919fded9e75a_4572XXXXXXXXXX67_
31/85 [543s] OK fr=stop txn=13 att=1 rl=0 lat=10632ms in=7702 out=1174 decrypt_775181326_19468b1e2a80a24d_5268XXXXXXXXXX71_
32/85 [558s] OK fr=stop txn=15 att=1 rl=0 lat=15412ms in=10258 out=1484 decrypt_779392134_1916e42372c179b4_5522XXXXXXXXXX49_
33/85 [573s] OK fr=stop txn=12 att=1 rl=0 lat=15205ms in=9786 out=1621 decrypt_786084574_190df6f685c5a80a_5372XXXXXXXXXX92_
34/85 [587s] OK fr=stop txn=27 att=1 rl=0 lat=13418ms in=10589 out=1905 decrypt_786599465_18a0b2d3daf77095_6530XXXXXXXXXX03_
35/85 [596s] OK fr=stop txn=5 att=1 rl=0 lat=9323ms in=9308 out=749 decrypt_788738805_1933e1e1b8311b23_5268XXXXXXXXXX63_
36/85 [607s] OK fr=stop txn=3 att=1 rl=0 lat=10832ms in=7945 out=727 decrypt_789532749_19bcafe2643505ad_0036XXXXXXXXXX00_
37/85 [623s] OK fr=stop txn=17 att=1 rl=0 lat=15742ms in=10611 out=1837 decrypt_792577867_1922312cfc060985_6530XXXXXXXXXX21_
38/85 [637s] OK fr=stop txn=15 att=1 rl=0 lat=14029ms in=7732 out=1493 decrypt_793900587_1982b7233924ccaf_5268XXXXXXXXXX73_
39/85 [655s] OK fr=stop txn=23 att=1 rl=0 lat=18101ms in=10420 out=2188 decrypt_795535080_197868a50de7db8e_5523XXXXXXXXXX04_
40/85 [670s] OK fr=stop txn=13 att=1 rl=0 lat=15274ms in=9408 out=1758 decrypt_805756520_19f855c6593b8bfe_4577XXXXXXXXXX34_
41/85 [683s] OK fr=stop txn=19 att=1 rl=0 lat=12958ms in=9483 out=1534 decrypt_806212337_19cae5bf68716405_6529XXXXXXXXXX83_
42/85 [692s] OK fr=stop txn=1 att=1 rl=0 lat=8589ms in=7866 out=534 decrypt_808975223_19caef77159e3210_6529XXXXXXXXXX83_
43/85 [702s] OK fr=stop txn=1 att=1 rl=0 lat=10750ms in=8041 out=765 decrypt_809843802_19caf19ec47b54f0_6529XXXXXXXXXX64_
44/85 [716s] OK fr=stop txn=11 att=1 rl=0 lat=14062ms in=9310 out=1276 decrypt_810097123_19caf4a3c2c34de6_6529XXXXXXXXXX89_
45/85 [728s] OK fr=stop txn=15 att=1 rl=0 lat=11361ms in=9602 out=1277 decrypt_812514196_1933947c2fe62cea_5268XXXXXXXXXX28_
46/85 [738s] OK fr=stop txn=2 att=1 rl=0 lat=10624ms in=7037 out=593 decrypt_814964372_1934d00270be5425_HDFC_Bank_Pixel_P
47/85 [748s] OK fr=stop txn=1 att=1 rl=0 lat=9491ms in=6704 out=671 decrypt_815447471_19cb1dc97567a441_HDFC_Bank_Pixel_P
48/85 [757s] OK fr=stop txn=1 att=1 rl=0 lat=9463ms in=7780 out=634 decrypt_816661061_19f8928d6f3bb4c0_6530XXXXXXXXXX64_
49/85 [768s] OK fr=stop txn=6 att=1 rl=0 lat=10963ms in=8011 out=955 decrypt_821836069_19f8a705d4c8ff2c_5372XXXXXXXXXX46_
50/85 [780s] OK fr=stop txn=3 att=1 rl=0 lat=11556ms in=7709 out=703 decrypt_832425132_18eef497ef852ece_4341XXXXXXXXXX07_
51/85 [813s] OK fr=stop txn=106 att=1 rl=0 lat=33585ms in=13218 out=5953 decrypt_834542834_19a717e6ace4b0b6_6530XXXXXXXXXX91_
52/85 [827s] OK fr=stop txn=16 att=1 rl=0 lat=13145ms in=9434 out=1612 decrypt_838506972_19c58564d1f9788b_6530XXXXXXXXXX17_
53/85 [850s] OK fr=stop txn=3 att=1 rl=0 lat=23071ms in=7867 out=2041 decrypt_838900283_19ed638ffeaff9c3_6530XXXXXXXXXX02_
54/85 [865s] OK fr=stop txn=20 att=1 rl=0 lat=15759ms in=9239 out=1630 decrypt_840804920_19660ccdf858ad42_6529XXXXXXXXXX43_
55/85 [878s] OK fr=stop txn=5 att=1 rl=0 lat=12266ms in=9020 out=969 decrypt_843237273_19cbc894e5737112_6529XXXXXXXXXX75_
56/85 [890s] OK fr=stop txn=6 att=1 rl=0 lat=12396ms in=8822 out=1111 decrypt_849001620_197728c158fe10e3_5372XXXXXXXXXX45_
57/85 [900s] OK fr=stop txn=2 att=1 rl=0 lat=9474ms in=9219 out=628 decrypt_851736456_192088c2e16613a3_6530XXXXXXXXXX99_
58/85 [922s] OK fr=stop txn=53 att=1 rl=0 lat=22466ms in=10116 out=3335 decrypt_853991354_19f9382428970233_6530XXXXXXXXXX94_
59/85 [934s] OK fr=stop txn=14 att=1 rl=0 lat=12156ms in=9261 out=1301 decrypt_860743063_19555a30aa45e513_5522XXXXXXXXXX61_
60/85 [946s] OK fr=stop txn=8 att=1 rl=0 lat=12156ms in=8948 out=1167 decrypt_861342059_1995762a90a891ae_4854XXXXXXXXXX90_
61/85 [963s] OK fr=stop txn=12 att=1 rl=0 lat=16147ms in=8957 out=1526 decrypt_862475421_19733854c60dbb8d_4341XXXXXXXXXX96_
62/85 [971s] OK fr=stop txn=1 att=1 rl=0 lat=8333ms in=8966 out=497 decrypt_864719424_1928fa50b9a1cc90_4695XXXXXXXXXX79_
63/85 [981s] OK fr=stop txn=2 att=1 rl=0 lat=9667ms in=8960 out=666 decrypt_864769183_196c1e2a94a3bf2b_5522XXXXXXXXXX54_
64/85 [999s] OK fr=stop txn=9 att=1 rl=0 lat=18709ms in=8897 out=1777 decrypt_872204588_199e6ecf07295815_5459XXXXXXXXXX32_
65/85 [1016s] OK fr=stop txn=22 att=1 rl=0 lat=16332ms in=9731 out=1928 decrypt_878116889_19aa6e3ba014c857_5522XXXXXXXXXX25_
66/85 [1070s] OK fr=stop txn=223 att=1 rl=0 lat=54830ms in=15201 out=11627 decrypt_879728587_18a0b7c020b06bf5_3611XXXXXXXX51_18
67/85 [1081s] OK fr=stop txn=4 att=1 rl=0 lat=10413ms in=8067 out=763 decrypt_884954012_19a47d8a65b9ffae_6529XXXXXXXXXX42_
68/85 [1103s] OK fr=stop txn=17 att=1 rl=0 lat=22064ms in=9122 out=2137 decrypt_887687188_19e3b43fc04fc84a_5268XXXXXXXXXX05_
69/85 [1115s] OK fr=stop txn=14 att=1 rl=0 lat=12490ms in=9015 out=1419 decrypt_888383598_1959908f4c78ac33_5181XXXXXXXXXX39_
70/85 [1126s] OK fr=stop txn=4 att=1 rl=0 lat=10240ms in=7881 out=813 decrypt_889786029_1934fe8c7191312c_4341XXXXXXXXXX97_
71/85 [1134s] OK fr=stop txn=2 att=1 rl=0 lat=8461ms in=7730 out=565 decrypt_896152601_1921d5478b326834_3610XXXXXXXX62_22
72/85 [1144s] OK fr=stop txn=2 att=1 rl=0 lat=10057ms in=7742 out=589 decrypt_898078246_1996b2490714eee3_4893XXXXXXXXXX52_
73/85 [1166s] OK fr=stop txn=51 att=1 rl=0 lat=22327ms in=11348 out=3084 decrypt_923692554_19802d1d11c3ef78_4375XXXXXXXXXX40_
74/85 [1188s] OK fr=stop txn=38 att=1 rl=0 lat=21330ms in=9564 out=3004 decrypt_930358470_19facc9de2eb364d_6529XXXXXXXXXX89_
75/85 [1201s] OK fr=stop txn=2 att=1 rl=0 lat=12697ms in=8209 out=761 decrypt_942160447_19f246a395e019aa_6529XXXXXXXXXX20_
76/85 [1221s] OK fr=stop txn=40 att=1 rl=0 lat=20750ms in=9780 out=2898 decrypt_953566990_19ce79d90918fe33_6530XXXXXXXXXX54_
77/85 [1230s] OK fr=stop txn=2 att=1 rl=0 lat=9146ms in=7718 out=537 decrypt_957057756_19c85804e8a528f8_4341XXXXXXXXXX93_
78/85 [1242s] OK fr=stop txn=3 att=1 rl=0 lat=12000ms in=8156 out=887 decrypt_968264884_19a44f88b8643341_6529XXXXXXXXXX19_
79/85 [1256s] OK fr=stop txn=10 att=1 rl=0 lat=13895ms in=9403 out=1405 decrypt_972368996_19f75d43e33f2b11_0036XXXXXXXXXX67_
80/85 [1270s] OK fr=stop txn=10 att=1 rl=0 lat=13461ms in=8132 out=1276 decrypt_984293990_19cf7cc3db183e7e_5268XXXXXXXXXX13_
81/85 [1287s] OK fr=stop txn=32 att=1 rl=0 lat=16785ms in=9396 out=2225 decrypt_989509533_15e4a926e83d24c5_4854XXXXXXXXXX06_
82/85 [1296s] OK fr=stop txn=4 att=1 rl=0 lat=9423ms in=7794 out=839 decrypt_99244_20260528_100758_421_5268XXXXXXXXXX85_2
83/85 [1310s] OK fr=stop txn=28 att=1 rl=0 lat=13557ms in=9364 out=1849 decrypt_encrypt_499462644_19e30bbd3de5ac34_6529XXXXX
84/85 [1318s] OK fr=stop txn=1 att=1 rl=0 lat=7980ms in=7824 out=520 decrypt_gmail_36703_19fea2d76088153a_19fea2d76088153
85/85 [1339s] OK fr=stop txn=52 att=1 rl=0 lat=21768ms in=7849 out=3692 decrypt_gmail_51752_19fdc1a472fff7b6_19fdc1a472fff7b
