arm=gt outdir=/Users/mayanck.bihani/Savesage/bank_eval/sbi/run_gt corpus=300 todo=297 par=1 prompt=GT_PROMPT prompt_chars=8243
1/297 199386 OK fr=stop txn=21 att=1 rl=0 lat=45660ms in=29032 out=2702 elapsed=45s
2/297 320134 OK fr=stop txn=1 att=1 rl=0 lat=23216ms in=28253 out=634 elapsed=68s
3/297 658880 OK fr=stop txn=1 att=1 rl=0 lat=24088ms in=28223 out=647 elapsed=92s
4/297 714227 OK fr=stop txn=4 att=1 rl=0 lat=17918ms in=28436 out=906 elapsed=110s
5/297 838411 OK fr=stop txn=17 att=1 rl=0 lat=30324ms in=28987 out=2202 elapsed=141s
6/297 879450 OK fr=stop txn=2 att=1 rl=0 lat=19005ms in=28267 out=735 elapsed=160s
7/297 1132035 OK fr=stop txn=4 att=1 rl=0 lat=16827ms in=28529 out=921 elapsed=177s
8/297 1162118 OK fr=stop txn=10 att=1 rl=0 lat=21179ms in=28804 out=1480 elapsed=198s
9/297 119535901 OK fr=stop txn=37 att=1 rl=0 lat=46501ms in=31450 out=4258 elapsed=244s
10/297 129215339 OK fr=stop txn=20 att=1 rl=0 lat=37756ms in=28909 out=2489 elapsed=282s
11/297 142194871 OK fr=stop txn=2 att=1 rl=0 lat=24647ms in=28243 out=747 elapsed=307s
12/297 142826009 OK fr=stop txn=4 att=1 rl=0 lat=48728ms in=28400 out=964 elapsed=355s
13/297 146930601 OK fr=stop txn=12 att=1 rl=0 lat=40102ms in=28902 out=1817 elapsed=396s
14/297 148036763 OK fr=stop txn=7 att=1 rl=0 lat=24642ms in=28528 out=1228 elapsed=420s
15/297 155642305 OK fr=stop txn=5 att=1 rl=0 lat=34505ms in=28577 out=1041 elapsed=455s
16/297 162725042 OK fr=stop txn=8 att=1 rl=0 lat=25677ms in=28623 out=1289 elapsed=480s
17/297 172420705 OK fr=stop txn=6 att=1 rl=0 lat=23047ms in=28579 out=1166 elapsed=503s
18/297 179943460 OK fr=stop txn=1 att=1 rl=0 lat=20542ms in=27525 out=637 elapsed=524s
19/297 186473748 OK fr=stop txn=1 att=1 rl=0 lat=16709ms in=28189 out=634 elapsed=541s
20/297 186548429 OK fr=stop txn=7 att=1 rl=0 lat=20318ms in=28749 out=1208 elapsed=561s
21/297 190790537 OK fr=stop txn=5 att=1 rl=0 lat=21104ms in=28507 out=1022 elapsed=582s
22/297 198888784 OK fr=stop txn=1 att=1 rl=0 lat=17261ms in=28111 out=661 elapsed=599s
23/297 202738690 OK fr=stop txn=32 att=1 rl=0 lat=42886ms in=30873 out=3609 elapsed=642s
24/297 206861792 OK fr=stop txn=5 att=1 rl=0 lat=23063ms in=28226 out=1018 elapsed=665s
25/297 215155650 OK fr=stop txn=1 att=1 rl=0 lat=19398ms in=28014 out=635 elapsed=685s
26/297 221159806 OK fr=stop txn=2 att=1 rl=0 lat=20494ms in=28241 out=735 elapsed=705s
27/297 223400342 OK fr=stop txn=1 att=1 rl=0 lat=18720ms in=28181 out=642 elapsed=724s
28/297 224671626 OK fr=stop txn=3 att=1 rl=0 lat=20974ms in=28194 out=831 elapsed=745s
29/297 226707778 OK fr=stop txn=2 att=1 rl=0 lat=21212ms in=28386 out=747 elapsed=766s
30/297 228115498 OK fr=stop txn=4 att=1 rl=0 lat=16820ms in=28255 out=910 elapsed=783s
31/297 230215053 OK fr=stop txn=6 att=1 rl=0 lat=18853ms in=28451 out=1098 elapsed=802s
32/297 234547848 OK fr=stop txn=7 att=1 rl=0 lat=19802ms in=28387 out=1267 elapsed=822s
33/297 243926575 OK fr=stop txn=10 att=1 rl=0 lat=21823ms in=28421 out=1518 elapsed=844s
34/297 247847647 OK fr=stop txn=35 att=1 rl=0 lat=42889ms in=31276 out=4108 elapsed=886s
35/297 248267921 OK fr=stop txn=2 att=1 rl=0 lat=20634ms in=28230 out=744 elapsed=907s
36/297 255661827 OK fr=stop txn=14 att=1 rl=0 lat=25876ms in=28491 out=1905 elapsed=933s
37/297 260493437 OK fr=stop txn=26 att=1 rl=0 lat=34630ms in=29091 out=3090 elapsed=968s
38/297 261362041 OK fr=stop txn=3 att=1 rl=0 lat=16207ms in=28317 out=831 elapsed=984s
39/297 263555998 OK fr=stop txn=11 att=1 rl=0 lat=22053ms in=28527 out=1581 elapsed=1006s
40/297 264695036 OK fr=stop txn=43 att=1 rl=0 lat=49575ms in=31567 out=4942 elapsed=1055s
41/297 273593709 OK fr=stop txn=12 att=1 rl=0 lat=24862ms in=28621 out=1691 elapsed=1080s
42/297 273596610 OK fr=stop txn=6 att=1 rl=0 lat=21273ms in=28641 out=1181 elapsed=1102s
43/297 273613913 OK fr=stop txn=2 att=1 rl=0 lat=18037ms in=28120 out=756 elapsed=1120s
44/297 273650193 OK fr=stop txn=45 att=1 rl=0 lat=47167ms in=31172 out=4637 elapsed=1167s
45/297 273706322 OK fr=stop txn=48 att=1 rl=0 lat=48482ms in=31152 out=4877 elapsed=1215s
46/297 277985991 OK fr=stop txn=55 att=1 rl=0 lat=52212ms in=31392 out=5407 elapsed=1268s
47/297 280105657 OK fr=stop txn=6 att=1 rl=0 lat=21044ms in=28544 out=1098 elapsed=1289s
48/297 284029679 OK fr=stop txn=2 att=1 rl=0 lat=20363ms in=28226 out=734 elapsed=1309s
49/297 291528552 OK fr=stop txn=13 att=1 rl=0 lat=25179ms in=28541 out=1777 elapsed=1334s
50/297 293803721 OK fr=stop txn=5 att=1 rl=0 lat=23990ms in=28552 out=1063 elapsed=1358s
51/297 294112950 OK fr=stop txn=8 att=1 rl=0 lat=20347ms in=28637 out=1323 elapsed=1378s
52/297 311317506 OK fr=stop txn=1 att=1 rl=0 lat=17708ms in=28401 out=640 elapsed=1396s
53/297 315786283 OK fr=stop txn=2 att=1 rl=0 lat=23984ms in=28487 out=746 elapsed=1420s
54/297 316218178 OK fr=stop txn=4 att=1 rl=0 lat=18378ms in=28565 out=929 elapsed=1439s
55/297 318267391 OK fr=stop txn=7 att=1 rl=0 lat=27353ms in=28451 out=1228 elapsed=1466s
56/297 319897605 OK fr=stop txn=7 att=1 rl=0 lat=22858ms in=22731 out=1244 elapsed=1489s
57/297 324755946 OK fr=stop txn=2 att=1 rl=0 lat=20930ms in=28222 out=753 elapsed=1510s
58/297 325774041 NETWORK_ERROR fr=None txn=None att=10 rl=0 lat=333748ms in=None out=None elapsed=1843s
59/297 325833538 OK fr=stop txn=2 att=3 rl=0 lat=39271ms in=28109 out=733 elapsed=1883s
60/297 326362956 OK fr=stop txn=12 att=1 rl=0 lat=35540ms in=28598 out=1723 elapsed=1918s
61/297 332633154 OK fr=stop txn=1 att=1 rl=0 lat=30613ms in=28239 out=645 elapsed=1949s
62/297 335241508 OK fr=stop txn=6 att=1 rl=0 lat=29923ms in=28463 out=1131 elapsed=1979s
63/297 341705711 OK fr=stop txn=40 att=1 rl=0 lat=51143ms in=31341 out=4672 elapsed=2030s
64/297 361589519 OK fr=stop txn=3 att=1 rl=0 lat=18939ms in=28149 out=831 elapsed=2049s
65/297 363063468 OK fr=stop txn=20 att=1 rl=0 lat=41576ms in=29034 out=2545 elapsed=2091s
66/297 369422898 OK fr=stop txn=13 att=1 rl=0 lat=84069ms in=28766 out=1765 elapsed=2175s
arm=gt outdir=/Users/mayanck.bihani/Savesage/bank_eval/sbi/run_gt corpus=300 todo=232 par=1 prompt=GT_PROMPT prompt_chars=8243
1/232 325774041 OK fr=stop txn=15 att=1 rl=0 lat=23746ms in=28760 out=2026 elapsed=23s
2/232 369606524 OK fr=stop txn=16 att=1 rl=0 lat=26151ms in=28825 out=2149 elapsed=49s
3/232 370450735 OK fr=stop txn=33 att=1 rl=0 lat=40635ms in=30954 out=3904 elapsed=90s
4/232 371506976 OK fr=stop txn=2 att=1 rl=0 lat=14981ms in=28107 out=746 elapsed=105s
5/232 377207657 OK fr=stop txn=2 att=1 rl=0 lat=18140ms in=28065 out=713 elapsed=123s
6/232 384279020 OK fr=stop txn=1 att=1 rl=0 lat=14691ms in=28235 out=638 elapsed=138s
7/232 393366914 OK fr=stop txn=2 att=1 rl=0 lat=16222ms in=28236 out=736 elapsed=154s
8/232 396205352 OK fr=stop txn=9 att=1 rl=0 lat=19980ms in=28320 out=1410 elapsed=174s
9/232 400830575 OK fr=stop txn=10 att=1 rl=0 lat=24261ms in=28380 out=1546 elapsed=198s
10/232 404949494 OK fr=stop txn=6 att=1 rl=0 lat=24096ms in=28409 out=1119 elapsed=222s
11/232 406632776 OK fr=stop txn=7 att=1 rl=0 lat=17952ms in=28431 out=1227 elapsed=240s
12/232 423235138 OK fr=stop txn=14 att=1 rl=0 lat=22813ms in=28553 out=1878 elapsed=263s
13/232 425051308 OK fr=stop txn=14 att=1 rl=0 lat=24243ms in=28645 out=1904 elapsed=288s
14/232 425976686 OK fr=stop txn=5 att=1 rl=0 lat=18713ms in=28265 out=1039 elapsed=306s
15/232 428977511 OK fr=stop txn=8 att=1 rl=0 lat=20603ms in=28066 out=1332 elapsed=327s
16/232 430230766 OK fr=stop txn=3 att=1 rl=0 lat=18491ms in=28206 out=853 elapsed=345s
17/232 462115393 OK fr=stop txn=2 att=1 rl=0 lat=20109ms in=28290 out=742 elapsed=365s
18/232 462625952 OK fr=stop txn=2 att=1 rl=0 lat=15822ms in=28258 out=732 elapsed=381s
19/232 469171081 OK fr=stop txn=1 att=1 rl=0 lat=13042ms in=28173 out=652 elapsed=394s
20/232 470031039 OK fr=stop txn=1 att=1 rl=0 lat=14641ms in=28203 out=661 elapsed=409s
67/297 369606524 OK fr=stop txn=16 att=2 rl=0 lat=15905232ms in=28825 out=2164 elapsed=18080s
68/297 370450735 OK fr=stop txn=33 att=1 rl=0 lat=40635ms in=30954 out=3904 elapsed=18080s
69/297 371506976 OK fr=stop txn=2 att=1 rl=0 lat=14981ms in=28107 out=746 elapsed=18080s
70/297 377207657 OK fr=stop txn=2 att=1 rl=0 lat=18140ms in=28065 out=713 elapsed=18080s
71/297 384279020 OK fr=stop txn=1 att=1 rl=0 lat=14691ms in=28235 out=638 elapsed=18080s
72/297 393366914 OK fr=stop txn=2 att=1 rl=0 lat=16222ms in=28236 out=736 elapsed=18080s
73/297 396205352 OK fr=stop txn=9 att=1 rl=0 lat=19980ms in=28320 out=1410 elapsed=18080s
74/297 400830575 OK fr=stop txn=10 att=1 rl=0 lat=24261ms in=28380 out=1546 elapsed=18080s
75/297 404949494 OK fr=stop txn=6 att=1 rl=0 lat=24096ms in=28409 out=1119 elapsed=18080s
76/297 406632776 OK fr=stop txn=7 att=1 rl=0 lat=17952ms in=28431 out=1227 elapsed=18080s
77/297 423235138 OK fr=stop txn=14 att=1 rl=0 lat=22813ms in=28553 out=1878 elapsed=18080s
78/297 425051308 OK fr=stop txn=14 att=1 rl=0 lat=24243ms in=28645 out=1904 elapsed=18080s
79/297 425976686 OK fr=stop txn=5 att=1 rl=0 lat=18713ms in=28265 out=1039 elapsed=18080s
80/297 428977511 OK fr=stop txn=8 att=1 rl=0 lat=20603ms in=28066 out=1332 elapsed=18080s
81/297 430230766 OK fr=stop txn=3 att=1 rl=0 lat=18491ms in=28206 out=853 elapsed=18080s
82/297 462115393 OK fr=stop txn=2 att=1 rl=0 lat=20109ms in=28290 out=742 elapsed=18080s
83/297 462625952 OK fr=stop txn=2 att=1 rl=0 lat=15822ms in=28258 out=732 elapsed=18080s
84/297 469171081 OK fr=stop txn=1 att=1 rl=0 lat=13042ms in=28173 out=652 elapsed=18080s
85/297 470031039 OK fr=stop txn=1 att=1 rl=0 lat=14641ms in=28203 out=661 elapsed=18080s
86/297 472223669 OK fr=stop txn=9 att=1 rl=0 lat=21942ms in=28638 out=1459 elapsed=18102s
87/297 479428567 OK fr=stop txn=28 att=1 rl=0 lat=35642ms in=29153 out=3240 elapsed=18137s
88/297 499090838 OK fr=stop txn=7 att=1 rl=0 lat=18583ms in=23013 out=1229 elapsed=18156s
89/297 502619618 OK fr=stop txn=9 att=1 rl=0 lat=20742ms in=28478 out=1364 elapsed=18177s
90/297 502834297 OK fr=stop txn=4 att=1 rl=0 lat=17047ms in=28305 out=915 elapsed=18194s
91/297 503732081 OK fr=stop txn=17 att=1 rl=0 lat=29142ms in=28508 out=2093 elapsed=18223s
(eval):5: command not found: setsid

--- detached launch: gt pid=95134 ---
arm=gt outdir=/Users/mayanck.bihani/Savesage/bank_eval/sbi/run_gt corpus=300 todo=206 par=1 prompt=GT_PROMPT prompt_chars=8243

--- detached launch: gt pid=36152 ---
arm=gt outdir=/Users/mayanck.bihani/Savesage/bank_eval/sbi/run_gt corpus=300 todo=189 par=1 prompt=GT_PROMPT prompt_chars=8243
(eval):1: command not found: setsid
arm=gt outdir=/Users/mayanck.bihani/Savesage/bank_eval/sbi/run_gt corpus=300 todo=159 par=1 prompt=GT_PROMPT prompt_chars=8243
arm=gt outdir=/Users/mayanck.bihani/Savesage/bank_eval/sbi/run_gt corpus=300 todo=158 par=1 prompt=GT_PROMPT prompt_chars=8243
arm=gt outdir=/Users/mayanck.bihani/Savesage/bank_eval/sbi/run_gt corpus=300 todo=151 par=1 prompt=GT_PROMPT prompt_chars=8243
1/151 684214291 OK fr=stop txn=2 att=1 rl=0 lat=16600ms in=28378 out=759 elapsed=16s
2/151 695052716 OK fr=stop txn=23 att=1 rl=0 lat=32763ms in=28854 out=2901 elapsed=49s
3/151 708603100 OK fr=stop txn=6 att=1 rl=0 lat=17394ms in=28074 out=1111 elapsed=66s
4/151 714875338 OK fr=stop txn=9 att=1 rl=0 lat=19857ms in=28683 out=1409 elapsed=86s
5/151 714932099 OK fr=stop txn=3 att=1 rl=0 lat=20488ms in=28111 out=846 elapsed=107s
6/151 731231662 OK fr=stop txn=5 att=1 rl=0 lat=23788ms in=28212 out=1012 elapsed=130s
7/151 731447519 OK fr=stop txn=1 att=1 rl=0 lat=14493ms in=28218 out=640 elapsed=145s
8/151 771087617 OK fr=stop txn=20 att=1 rl=0 lat=26750ms in=28667 out=2368 elapsed=172s
9/151 783086316 OK fr=stop txn=4 att=1 rl=0 lat=16527ms in=28444 out=929 elapsed=188s
10/151 787194379 OK fr=stop txn=4 att=1 rl=0 lat=16405ms in=28314 out=948 elapsed=205s
11/151 801266205 OK fr=stop txn=7 att=2 rl=1 lat=126475ms in=28500 out=1242 elapsed=331s
12/151 807587861 OK fr=stop txn=37 att=1 rl=0 lat=44682ms in=31098 out=3941 elapsed=331s
13/151 816941789 OK fr=stop txn=4 att=1 rl=0 lat=16508ms in=28473 out=917 elapsed=331s
14/151 817971911 OK fr=stop txn=10 att=2 rl=0 lat=40915ms in=28666 out=1516 elapsed=372s
15/151 818112146 OK fr=stop txn=5 att=1 rl=0 lat=28124ms in=27826 out=1033 elapsed=400s
16/151 829876209 OK fr=stop txn=12 att=4 rl=0 lat=77198ms in=28409 out=1734 elapsed=477s
17/151 832333016 OK fr=stop txn=1 att=1 rl=0 lat=26104ms in=27517 out=632 elapsed=503s
18/151 834031723 OK fr=stop txn=3 att=1 rl=0 lat=28117ms in=28402 out=830 elapsed=532s
19/151 834382309 OK fr=stop txn=37 att=2 rl=0 lat=64574ms in=31013 out=3983 elapsed=596s
20/151 836264837 OK fr=stop txn=1 att=1 rl=0 lat=14309ms in=27862 out=629 elapsed=610s
21/151 837436340 OK fr=stop txn=141 att=1 rl=0 lat=112026ms in=35777 out=13371 elapsed=723s
22/151 849756303 OK fr=stop txn=3 att=1 rl=0 lat=16404ms in=27957 out=834 elapsed=723s
23/151 850576275 OK fr=stop txn=36 att=1 rl=0 lat=39824ms in=30589 out=4146 elapsed=762s
24/151 854776426 OK fr=stop txn=5 att=1 rl=0 lat=24530ms in=27777 out=1065 elapsed=787s
25/151 864770940 OK fr=stop txn=15 att=1 rl=0 lat=31048ms in=29011 out=2044 elapsed=818s
26/151 872362925 OK fr=stop txn=39 att=2 rl=1 lat=126266ms in=30416 out=4137 elapsed=944s
27/151 873206476 OK fr=stop txn=6 att=1 rl=0 lat=29460ms in=28287 out=1154 elapsed=974s
28/151 874477730 OK fr=stop txn=8 att=1 rl=0 lat=27231ms in=27981 out=1300 elapsed=1001s
29/151 877262556 OK fr=stop txn=5 att=1 rl=0 lat=25448ms in=28429 out=1034 elapsed=1026s
30/151 877542627 OK fr=stop txn=8 att=1 rl=0 lat=31972ms in=27838 out=1368 elapsed=1058s
31/151 881090514 OK fr=stop txn=4 att=1 rl=0 lat=25429ms in=28618 out=949 elapsed=1084s
32/151 882117443 OK fr=stop txn=2 att=1 rl=0 lat=13895ms in=28543 out=734 elapsed=1098s
33/151 884318827 OK fr=stop txn=14 att=1 rl=0 lat=24005ms in=28463 out=1836 elapsed=1122s
34/151 884785842 OK fr=stop txn=2 att=1 rl=0 lat=14910ms in=28130 out=707 elapsed=1137s
35/151 890506883 OK fr=stop txn=2 att=1 rl=0 lat=14924ms in=28323 out=733 elapsed=1152s
36/151 891222148 OK fr=stop txn=7 att=1 rl=0 lat=19565ms in=28689 out=1259 elapsed=1171s
37/151 891533064 OK fr=stop txn=14 att=1 rl=0 lat=25061ms in=29026 out=1977 elapsed=1196s
38/151 895089603 OK fr=stop txn=1 att=1 rl=0 lat=14462ms in=28017 out=641 elapsed=1211s
39/151 905768587 OK fr=stop txn=8 att=2 rl=1 lat=120630ms in=28607 out=1288 elapsed=1331s
40/151 924475136 OK fr=stop txn=21 att=1 rl=0 lat=29041ms in=22552 out=2617 elapsed=1331s
41/151 931127111 OK fr=stop txn=7 att=1 rl=0 lat=18429ms in=28143 out=1251 elapsed=1331s
42/151 931271457 OK fr=stop txn=53 att=1 rl=0 lat=51307ms in=31230 out=5441 elapsed=1383s
43/151 943923582 OK fr=stop txn=2 att=1 rl=0 lat=15015ms in=28048 out=763 elapsed=1398s
44/151 963298693 OK fr=stop txn=44 att=1 rl=0 lat=49564ms in=31168 out=4904 elapsed=1447s
45/151 968110095 OK fr=stop txn=18 att=1 rl=0 lat=27762ms in=28897 out=2362 elapsed=1475s
46/151 983844031 OK fr=stop txn=5 att=1 rl=0 lat=16521ms in=28048 out=1054 elapsed=1491s
47/151 984608667 OK fr=stop txn=7 att=1 rl=0 lat=19266ms in=28315 out=1224 elapsed=1511s
48/151 995582953 OK fr=stop txn=1 att=1 rl=0 lat=14770ms in=22732 out=617 elapsed=1526s
49/151 1024471256 OK fr=stop txn=11 att=1 rl=0 lat=20456ms in=28662 out=1600 elapsed=1546s
50/151 1033432977 OK fr=stop txn=8 att=1 rl=0 lat=21088ms in=28396 out=1344 elapsed=1567s
51/151 1033508900 OK fr=stop txn=10 att=1 rl=0 lat=20764ms in=28384 out=1486 elapsed=1588s
52/151 1035550549 OK fr=stop txn=55 att=1 rl=0 lat=54217ms in=31567 out=5596 elapsed=1642s
53/151 1036027898 OK fr=stop txn=5 att=1 rl=0 lat=18193ms in=28295 out=1021 elapsed=1660s
54/151 1036185244 OK fr=stop txn=7 att=1 rl=0 lat=18642ms in=28356 out=1199 elapsed=1679s
55/151 1036466127 OK fr=stop txn=13 att=1 rl=0 lat=23111ms in=28579 out=1796 elapsed=1702s
56/151 1039120737 OK fr=stop txn=3 att=1 rl=0 lat=15735ms in=28134 out=839 elapsed=1718s
57/151 1040768215 OK fr=stop txn=19 att=1 rl=0 lat=28551ms in=28626 out=2383 elapsed=1746s
58/151 1049204707 OK fr=stop txn=4 att=2 rl=1 lat=118476ms in=28230 out=930 elapsed=1865s
59/151 1059519911 OK fr=stop txn=5 att=1 rl=0 lat=16619ms in=28141 out=1021 elapsed=1865s
60/151 1068754002 OK fr=stop txn=3 att=1 rl=0 lat=16054ms in=28164 out=857 elapsed=1865s
61/151 1069496966 OK fr=stop txn=11 att=1 rl=0 lat=21119ms in=27470 out=1547 elapsed=1886s
62/151 1074107359 OK fr=stop txn=4 att=1 rl=0 lat=16035ms in=28513 out=916 elapsed=1902s
63/151 1087127791 OK fr=stop txn=8 att=1 rl=0 lat=19135ms in=28290 out=1385 elapsed=1921s
64/151 1087960522 OK fr=stop txn=9 att=1 rl=0 lat=19921ms in=28160 out=1378 elapsed=1941s
65/151 1094576759 OK fr=stop txn=36 att=1 rl=0 lat=42875ms in=31359 out=4162 elapsed=1984s
66/151 1099437619 OK fr=stop txn=4 att=1 rl=0 lat=16832ms in=28041 out=917 elapsed=2001s
67/151 1118980175 OK fr=stop txn=7 att=1 rl=0 lat=19498ms in=28268 out=1271 elapsed=2020s
68/151 1123049798 OK fr=stop txn=8 att=2 rl=1 lat=95000ms in=23062 out=1352 elapsed=2115s
69/151 1152718739 OK fr=stop txn=4 att=1 rl=0 lat=16275ms in=22662 out=897 elapsed=2115s
70/151 1208321209 OK fr=stop txn=9 att=1 rl=0 lat=23892ms in=28726 out=1415 elapsed=2139s
71/151 1208324351 OK fr=stop txn=6 att=1 rl=0 lat=17126ms in=28570 out=1094 elapsed=2156s
72/151 1212771021 OK fr=stop txn=2 att=1 rl=0 lat=14732ms in=28229 out=716 elapsed=2156s
73/151 1218654283 OK fr=stop txn=3 att=1 rl=0 lat=15560ms in=28458 out=809 elapsed=2172s
74/151 1220226393 OK fr=stop txn=1 att=1 rl=0 lat=17519ms in=28277 out=634 elapsed=2189s
75/151 1227797650 OK fr=stop txn=24 att=1 rl=0 lat=33845ms in=29239 out=2789 elapsed=2223s
76/151 1229884067 OK fr=stop txn=3 att=1 rl=0 lat=15955ms in=28403 out=843 elapsed=2239s
77/151 1230322279 OK fr=stop txn=6 att=1 rl=0 lat=17364ms in=28582 out=1116 elapsed=2257s
78/151 1249268741 OK fr=stop txn=2 att=1 rl=0 lat=15873ms in=28363 out=724 elapsed=2272s
79/151 1253559167 OK fr=stop txn=27 att=1 rl=0 lat=34910ms in=29300 out=3315 elapsed=2307s
80/151 1253765972 OK fr=stop txn=10 att=1 rl=0 lat=22855ms in=28467 out=1465 elapsed=2330s
81/151 1262363168 OK fr=stop txn=3 att=1 rl=0 lat=15821ms in=28295 out=824 elapsed=2346s
82/151 1333921939 OK fr=stop txn=41 att=1 rl=0 lat=46176ms in=31513 out=4774 elapsed=2392s
83/151 1349187066 OK fr=stop txn=25 att=1 rl=0 lat=30940ms in=29038 out=2872 elapsed=2423s
84/151 1361473440 OK fr=stop txn=7 att=1 rl=0 lat=19738ms in=28637 out=1192 elapsed=2443s
85/151 1361573117 OK fr=stop txn=5 att=1 rl=0 lat=18165ms in=28439 out=1037 elapsed=2461s
86/151 1379122195 OK fr=stop txn=2 att=1 rl=0 lat=16002ms in=28223 out=740 elapsed=2477s
87/151 1382187546 OK fr=stop txn=6 att=2 rl=1 lat=121340ms in=28396 out=1124 elapsed=2598s
88/151 1390952698 OK fr=stop txn=4 att=1 rl=0 lat=16644ms in=28277 out=957 elapsed=2615s
89/151 1391039409 OK fr=stop txn=11 att=1 rl=0 lat=22455ms in=28552 out=1606 elapsed=2638s
90/151 1391149311 OK fr=stop txn=2 att=1 rl=0 lat=14825ms in=28334 out=736 elapsed=2638s
91/151 1427858221 OK fr=stop txn=47 att=1 rl=0 lat=50039ms in=31700 out=5303 elapsed=2688s
92/151 1436803340 OK fr=stop txn=5 att=1 rl=0 lat=18607ms in=28528 out=1060 elapsed=2706s
93/151 1464467093 OK fr=stop txn=15 att=1 rl=0 lat=25237ms in=28092 out=2062 elapsed=2731s
94/151 1478559083 OK fr=stop txn=6 att=1 rl=0 lat=17122ms in=28214 out=1093 elapsed=2749s
95/151 1493824377 OK fr=stop txn=7 att=1 rl=0 lat=22813ms in=28699 out=1285 elapsed=2771s
96/151 1511624796 OK fr=stop txn=15 att=1 rl=0 lat=25107ms in=28292 out=2011 elapsed=2797s
97/151 1524915546 OK fr=stop txn=8 att=1 rl=0 lat=18643ms in=28543 out=1339 elapsed=2815s
98/151 1527247940 OK fr=stop txn=3 att=1 rl=0 lat=18511ms in=28416 out=829 elapsed=2834s
99/151 1528091893 OK fr=stop txn=14 att=1 rl=0 lat=27919ms in=28713 out=1930 elapsed=2862s
100/151 1537640195 OK fr=stop txn=13 att=1 rl=0 lat=23519ms in=28635 out=1814 elapsed=2885s
101/151 1554864321 OK fr=stop txn=6 att=2 rl=1 lat=126487ms in=28285 out=1156 elapsed=3012s
102/151 1559815919 OK fr=stop txn=4 att=1 rl=0 lat=17423ms in=27788 out=954 elapsed=3012s
103/151 1560321887 OK fr=stop txn=75 att=1 rl=0 lat=71088ms in=32082 out=7299 elapsed=3012s
104/151 1561882110 OK fr=stop txn=2 att=1 rl=0 lat=20636ms in=25870 out=719 elapsed=3012s
105/151 1588724255 OK fr=stop txn=1 att=1 rl=0 lat=14291ms in=28362 out=642 elapsed=3026s
106/151 1589432440 OK fr=stop txn=8 att=1 rl=0 lat=22100ms in=28649 out=1282 elapsed=3048s
107/151 1599562204 OK fr=stop txn=4 att=1 rl=0 lat=17072ms in=28290 out=934 elapsed=3065s
108/151 1602650870 OK fr=stop txn=1 att=1 rl=0 lat=16931ms in=28235 out=636 elapsed=3082s
109/151 1602979193 OK fr=stop txn=9 att=1 rl=0 lat=26463ms in=28632 out=1390 elapsed=3109s
110/151 1613937527 OK fr=stop txn=2 att=2 rl=1 lat=108435ms in=28365 out=756 elapsed=3217s
111/151 1638588301 OK fr=stop txn=2 att=1 rl=0 lat=20575ms in=28482 out=751 elapsed=3238s
112/151 1641710410 OK fr=stop txn=3 att=2 rl=1 lat=107901ms in=28285 out=831 elapsed=3345s
113/151 1642162830 OK fr=stop txn=4 att=1 rl=0 lat=25453ms in=28391 out=949 elapsed=3345s
114/151 1645607774 OK fr=stop txn=3 att=1 rl=0 lat=25894ms in=28105 out=849 elapsed=3345s
115/151 1668115366 OK fr=stop txn=1 att=1 rl=0 lat=23039ms in=28432 out=641 elapsed=3345s
116/151 1698637858 OK fr=stop txn=5 att=1 rl=0 lat=24891ms in=28473 out=1007 elapsed=3370s
117/151 1702175579 OK fr=stop txn=4 att=1 rl=0 lat=22263ms in=22802 out=910 elapsed=3393s
118/151 1706647374 OK fr=stop txn=12 att=9 rl=0 lat=288802ms in=28657 out=1663 elapsed=3681s
119/151 1707857175 OK fr=stop txn=71 att=1 rl=0 lat=70048ms in=32141 out=7163 elapsed=3752s
120/151 1712093656 OK fr=stop txn=16 att=1 rl=0 lat=27809ms in=28908 out=2261 elapsed=3752s
121/151 1719381594 OK fr=stop txn=3 att=1 rl=0 lat=16970ms in=28322 out=847 elapsed=3752s
122/151 1720770513 OK fr=stop txn=1 att=1 rl=0 lat=13897ms in=28249 out=640 elapsed=3752s
123/151 1722029853 OK fr=stop txn=2 att=1 rl=0 lat=16061ms in=28368 out=748 elapsed=3768s
124/151 1723723703 OK fr=stop txn=6 att=1 rl=0 lat=18482ms in=28497 out=1127 elapsed=3786s
125/151 1733653261 OK fr=stop txn=3 att=1 rl=0 lat=17142ms in=28350 out=867 elapsed=3803s
126/151 1752482360 OK fr=stop txn=13 att=1 rl=0 lat=24015ms in=28809 out=1833 elapsed=3827s
127/151 1765558172 OK fr=stop txn=2 att=1 rl=0 lat=14330ms in=28226 out=716 elapsed=3842s
128/151 1784860961 OK fr=stop txn=18 att=1 rl=0 lat=27720ms in=28895 out=2228 elapsed=3869s
129/151 1803305416 OK fr=stop txn=8 att=1 rl=0 lat=21039ms in=28574 out=1353 elapsed=3890s
130/151 1811777389 OK fr=stop txn=7 att=1 rl=0 lat=18921ms in=28547 out=1243 elapsed=3909s
131/151 1829437480 OK fr=stop txn=6 att=1 rl=0 lat=25072ms in=28614 out=1135 elapsed=3934s
132/151 1837833186 OK fr=stop txn=19 att=2 rl=1 lat=109076ms in=28822 out=2282 elapsed=4043s
133/151 1915232824 OK fr=stop txn=25 att=1 rl=0 lat=33914ms in=29416 out=3203 elapsed=4043s
134/151 1939828045 OK fr=stop txn=14 att=1 rl=0 lat=26071ms in=30500 out=1907 elapsed=4043s
135/151 1946134440 OK fr=stop txn=2 att=1 rl=0 lat=14395ms in=28227 out=719 elapsed=4043s
136/151 1997679819 OK fr=stop txn=25 att=1 rl=0 lat=33580ms in=28926 out=2766 elapsed=4077s
137/151 2002242405 OK fr=stop txn=3 att=1 rl=0 lat=15316ms in=28298 out=814 elapsed=4077s
138/151 2028890437 OK fr=stop txn=5 att=1 rl=0 lat=19375ms in=28468 out=1007 elapsed=4096s
139/151 2032417638 OK fr=stop txn=6 att=1 rl=0 lat=25628ms in=28477 out=1135 elapsed=4122s
140/151 2045959915 OK fr=stop txn=8 att=1 rl=0 lat=23599ms in=27877 out=1344 elapsed=4146s
141/151 2049567868 OK fr=stop txn=9 att=1 rl=0 lat=23637ms in=28675 out=1424 elapsed=4169s
142/151 2051555646 OK fr=stop txn=2 att=1 rl=0 lat=16075ms in=28225 out=752 elapsed=4185s
143/151 2058724365 OK fr=stop txn=15 att=1 rl=0 lat=27399ms in=28782 out=2062 elapsed=4213s
144/151 2079979201 OK fr=stop txn=6 att=1 rl=0 lat=18762ms in=28440 out=1167 elapsed=4232s
145/151 2090018657 OK fr=stop txn=4 att=2 rl=1 lat=100930ms in=28321 out=962 elapsed=4332s
146/151 2092646477 OK fr=stop txn=9 att=1 rl=0 lat=27406ms in=28096 out=1427 elapsed=4332s
147/151 2115264419 OK fr=stop txn=22 att=1 rl=0 lat=29763ms in=29002 out=2681 elapsed=4332s
148/151 2169891228 OK fr=stop txn=6 att=1 rl=0 lat=17915ms in=28430 out=1069 elapsed=4332s
149/151 2171477983 OK fr=stop txn=5 att=1 rl=0 lat=21136ms in=28466 out=1067 elapsed=4354s
150/151 gmail_1126962 OK fr=stop txn=20 att=1 rl=0 lat=33346ms in=29171 out=2503 elapsed=4387s
Traceback (most recent call last):
  File "/Users/mayanck.bihani/Savesage/bank_eval/sbi/run_arm.py", line 134, in <module>
  File "/Users/mayanck.bihani/Savesage/bank_eval/sbi/run_arm.py", line 114, in main
    continue
     ^^
UnboundLocalError: cannot access local variable '_p' where it is not associated with a value
151/151 gmail_384287 OK fr=stop txn=9 att=1 rl=0 lat=26990ms in=28533 out=1422 elapsed=4414s
